<html>
<body>
<pre>
<h1>µVision Build Log</h1>
<h2>Tool Versions:</h2>
IDE-Version: µVision V5.21.0.0
Copyright (C) 2016 ARM Ltd and ARM Germany GmbH. All rights reserved.
License Information: Larry Kiser, Rochester Institute of Technology, LIC=----
 
Tool Versions:
Toolchain:       MDK-Lite  Version: 5.21
Toolchain Path:  C:\Keil_v5\ARM\ARMCC\Bin
C Compiler:      Armcc.exe V5.06 update 3 (build 300)
Assembler:       Armasm.exe V5.06 update 3 (build 300)
Linker/Locator:  ArmLink.exe V5.06 update 3 (build 300)
Library Manager: ArmAr.exe V5.06 update 3 (build 300)
Hex Converter:   FromElf.exe V5.06 update 3 (build 300)
CPU DLL:         SARMCM3.DLL V5.21
Dialog DLL:      DCM.DLL V1.13.8.0
Target DLL:      STLink\ST-LINKIII-KEIL_SWO.dll V2.0.18.0
Dialog DLL:      TCM.DLL V1.14.14.0
 
<h2>Project:</h2>
Z:\Documents\Real-Time-and-Embedded-Systems\Projects\Proj1_REV2\proj1.uvprojx
Project File Date:  02/13/2017

<h2>Output:</h2>
*** Using Compiler 'V5.06 update 3 (build 300)', folder: 'C:\Keil_v5\ARM\ARMCC\Bin'
Rebuild target 'Target 1'
assembling startup_stm32l476xx.s...
compiling input_pa0_test.c...
compiling binSearch.c...
compiling LED.c...
compiling SysClock.c...
compiling main.c...
main.c(37): warning:  #223-D: function "POST" declared implicitly
  		return POST();
main.c(55): warning:  #111-D: statement is unreachable
  				break;
main.c(62): warning:  #111-D: statement is unreachable
  				break;
main.c(71): warning:  #111-D: statement is unreachable
  				break;
main.c(76): warning:  #940-D: missing return statement at end of non-void function "POST"
  }
main.c(121): warning:  #177-D: variable "sorted" was declared but never referenced
      int sorted[SAMPLES];
main.c(122): warning:  #177-D: variable "rxByte" was declared but never referenced
      char rxByte;
main.c(123): warning:  #177-D: variable "zack" was declared but never referenced
      int zack=0;
main.c: 8 warnings, 0 errors
compiling TIMER.c...
compiling UART.c...
compiling sort.c...
sort.c(30): warning:  #1-D: last line of file ends without a newline
  }
sort.c(15): warning:  #177-D: variable "z" was declared but never referenced
      int z;
sort.c(16): warning:  #177-D: variable "a" was declared but never referenced
      int a;
sort.c: 3 warnings, 0 errors
linking...
Program Size: Code=3492 RO-data=424 RW-data=152 ZI-data=5664  
FromELF: creating hex file...
".\Objects\proj1.axf" - 0 Error(s), 11 Warning(s).

<h2>Software Packages used:</h2>

Package Vendor: ARM
                http://www.keil.com/pack/ARM.CMSIS.4.5.0.pack
                ARM::CMSIS:CORE:4.3.0
                CMSIS (Cortex Microcontroller Software Interface Standard)
   * Component: CORE Version: 4.3.0

<h2>Collection of Component include folders:</h2>
  Z:\Documents\Real-Time-and-Embedded-Systems\Projects\Proj1_REV2\RTE
  C:\Keil_v5\ARM\PACK\ARM\CMSIS\4.5.0\CMSIS\Include
  C:\Keil_v5\ARM\PACK\Keil\STM32L4xx_DFP\1.2.0\Device\Include

<h2>Collection of Component Files used:</h2>

   * Component: ARM::CMSIS:CORE:4.3.0
Build Time Elapsed:  00:00:03
</pre>
</body>
</html>
