Component: ARM Compiler 5.06 update 3 (build 300) Tool: armlink [4d35c9]

==============================================================================

Section Cross References

    proj6.o(i.main) refers to _printf_percent.o(.ARM.Collect$$_printf_percent$$00000000) for _printf_percent
    proj6.o(i.main) refers to _printf_f.o(.ARM.Collect$$_printf_percent$$00000003) for _printf_f
    proj6.o(i.main) refers to printf1.o(x$fpl$printf1) for _printf_fp_dec
    proj6.o(i.main) refers to sysclock.o(i.System_Clock_Init) for System_Clock_Init
    proj6.o(i.main) refers to led.o(i.LED_Init) for LED_Init
    proj6.o(i.main) refers to uart.o(i.UART2_Init) for UART2_Init
    proj6.o(i.main) refers to timer.o(i.init_pwm) for init_pwm
    proj6.o(i.main) refers to timer.o(i.init_gpio) for init_gpio
    proj6.o(i.main) refers to uart.o(i.USART_Write) for USART_Write
    proj6.o(i.main) refers to timer.o(i.pe_event) for pe_event
    proj6.o(i.main) refers to timer.o(i.fetch_voltage) for fetch_voltage
    proj6.o(i.main) refers to led.o(i.Red_LED_On) for Red_LED_On
    proj6.o(i.main) refers to led.o(i.Red_LED_Off) for Red_LED_Off
    proj6.o(i.main) refers to dflt_clz.o(x$fpl$dflt) for __aeabi_i2d
    proj6.o(i.main) refers to dmul.o(x$fpl$dmul) for __aeabi_dmul
    proj6.o(i.main) refers to daddsub_clz.o(x$fpl$dadd) for __aeabi_dadd
    proj6.o(i.main) refers to round.o(i.round) for round
    proj6.o(i.main) refers to ddiv.o(x$fpl$ddiv) for __aeabi_ddiv
    proj6.o(i.main) refers to daddsub_clz.o(x$fpl$dsub) for __aeabi_dsub
    proj6.o(i.main) refers to __2sprintf.o(.text) for __2sprintf
    proj6.o(i.main) refers to dfix.o(x$fpl$dfix) for __aeabi_d2iz
    proj6.o(i.main) refers to proj6.o(.bss) for bounds
    uart.o(i.UART2_Init) refers to uart.o(i.UART2_GPIO_Init) for UART2_GPIO_Init
    uart.o(i.UART2_Init) refers to uart.o(i.USART_Init) for USART_Init
    uart.o(i.USART_Write) refers to uart.o(i.USART_Delay) for USART_Delay
    startup_stm32l476xx.o(STACK) refers (Special) to heapauxi.o(.text) for __use_two_region_memory
    startup_stm32l476xx.o(HEAP) refers (Special) to heapauxi.o(.text) for __use_two_region_memory
    startup_stm32l476xx.o(RESET) refers (Special) to heapauxi.o(.text) for __use_two_region_memory
    startup_stm32l476xx.o(RESET) refers to startup_stm32l476xx.o(STACK) for __initial_sp
    startup_stm32l476xx.o(RESET) refers to startup_stm32l476xx.o(.text) for Reset_Handler
    startup_stm32l476xx.o(.text) refers (Special) to heapauxi.o(.text) for __use_two_region_memory
    startup_stm32l476xx.o(.text) refers to __main.o(!!!main) for __main
    startup_stm32l476xx.o(.text) refers to startup_stm32l476xx.o(HEAP) for Heap_Mem
    startup_stm32l476xx.o(.text) refers to startup_stm32l476xx.o(STACK) for Stack_Mem
    __2sprintf.o(.text) refers to _printf_char_common.o(.text) for _printf_char_common
    __2sprintf.o(.text) refers to _sputc.o(.text) for _sputc
    noretval__2sprintf.o(.text) refers to _printf_char_common.o(.text) for _printf_char_common
    noretval__2sprintf.o(.text) refers to _sputc.o(.text) for _sputc
    __printf.o(.text) refers to _printf_percent.o(.ARM.Collect$$_printf_percent$$00000000) for _printf_percent
    __printf_flags.o(.text) refers to _printf_percent.o(.ARM.Collect$$_printf_percent$$00000000) for _printf_percent
    __printf_flags.o(.text) refers to __printf_flags.o(.constdata) for .constdata
    __printf_ss.o(.text) refers to _printf_percent.o(.ARM.Collect$$_printf_percent$$00000000) for _printf_percent
    __printf_flags_ss.o(.text) refers to _printf_percent.o(.ARM.Collect$$_printf_percent$$00000000) for _printf_percent
    __printf_flags_ss.o(.text) refers to __printf_flags_ss.o(.constdata) for .constdata
    __printf_wp.o(.text) refers to __printf_wp.o(i._is_digit) for _is_digit
    __printf_wp.o(.text) refers to _printf_percent.o(.ARM.Collect$$_printf_percent$$00000000) for _printf_percent
    __printf_flags_wp.o(.text) refers to __printf_wp.o(i._is_digit) for _is_digit
    __printf_flags_wp.o(.text) refers to _printf_percent.o(.ARM.Collect$$_printf_percent$$00000000) for _printf_percent
    __printf_flags_wp.o(.text) refers to __printf_flags_wp.o(.constdata) for .constdata
    __printf_ss_wp.o(.text) refers to __printf_wp.o(i._is_digit) for _is_digit
    __printf_ss_wp.o(.text) refers to _printf_percent.o(.ARM.Collect$$_printf_percent$$00000000) for _printf_percent
    __printf_flags_ss_wp.o(.text) refers to __printf_wp.o(i._is_digit) for _is_digit
    __printf_flags_ss_wp.o(.text) refers to _printf_percent.o(.ARM.Collect$$_printf_percent$$00000000) for _printf_percent
    __printf_flags_ss_wp.o(.text) refers to __printf_flags_ss_wp.o(.constdata) for .constdata
    _printf_f.o(.ARM.Collect$$_printf_percent$$00000003) refers (Weak) to printf1.o(x$fpl$printf1) for _printf_fp_dec
    _printf_percent.o(.ARM.Collect$$_printf_percent$$00000000) refers (Special) to _printf_percent_end.o(.ARM.Collect$$_printf_percent$$00000017) for _printf_percent_end
    __main.o(!!!main) refers to __rtentry.o(.ARM.Collect$$rtentry$$00000000) for __rt_entry
    daddsub_clz.o(x$fpl$dadd) refers (Special) to usenofp.o(x$fpl$usenofp) for __I$use$fp
    daddsub_clz.o(x$fpl$dadd) refers to daddsub_clz.o(x$fpl$dsub) for _dsub1
    daddsub_clz.o(x$fpl$dadd) refers to dretinf.o(x$fpl$dretinf) for __fpl_dretinf
    daddsub_clz.o(x$fpl$dadd) refers to dnaninf.o(x$fpl$dnaninf) for __fpl_dnaninf
    daddsub_clz.o(x$fpl$drsb) refers (Special) to usenofp.o(x$fpl$usenofp) for __I$use$fp
    daddsub_clz.o(x$fpl$drsb) refers to daddsub_clz.o(x$fpl$dadd) for _dadd1
    daddsub_clz.o(x$fpl$drsb) refers to daddsub_clz.o(x$fpl$dsub) for _dsub1
    daddsub_clz.o(x$fpl$dsub) refers (Special) to usenofp.o(x$fpl$usenofp) for __I$use$fp
    daddsub_clz.o(x$fpl$dsub) refers to daddsub_clz.o(x$fpl$dadd) for _dadd1
    daddsub_clz.o(x$fpl$dsub) refers to dnaninf.o(x$fpl$dnaninf) for __fpl_dnaninf
    ddiv.o(x$fpl$drdiv) refers (Special) to usenofp.o(x$fpl$usenofp) for __I$use$fp
    ddiv.o(x$fpl$drdiv) refers to ddiv.o(x$fpl$ddiv) for ddiv_entry
    ddiv.o(x$fpl$ddiv) refers (Special) to usenofp.o(x$fpl$usenofp) for __I$use$fp
    ddiv.o(x$fpl$ddiv) refers to dretinf.o(x$fpl$dretinf) for __fpl_dretinf
    ddiv.o(x$fpl$ddiv) refers to dnaninf.o(x$fpl$dnaninf) for __fpl_dnaninf
    dfix.o(x$fpl$dfix) refers (Special) to usenofp.o(x$fpl$usenofp) for __I$use$fp
    dfix.o(x$fpl$dfix) refers to dnaninf.o(x$fpl$dnaninf) for __fpl_dnaninf
    dfix.o(x$fpl$dfixr) refers (Special) to usenofp.o(x$fpl$usenofp) for __I$use$fp
    dfix.o(x$fpl$dfixr) refers to dnaninf.o(x$fpl$dnaninf) for __fpl_dnaninf
    dflt_clz.o(x$fpl$dfltu) refers (Special) to usenofp.o(x$fpl$usenofp) for __I$use$fp
    dflt_clz.o(x$fpl$dflt) refers (Special) to usenofp.o(x$fpl$usenofp) for __I$use$fp
    dflt_clz.o(x$fpl$dfltn) refers (Special) to usenofp.o(x$fpl$usenofp) for __I$use$fp
    dmul.o(x$fpl$dmul) refers (Special) to usenofp.o(x$fpl$usenofp) for __I$use$fp
    dmul.o(x$fpl$dmul) refers to dretinf.o(x$fpl$dretinf) for __fpl_dretinf
    dmul.o(x$fpl$dmul) refers to dnaninf.o(x$fpl$dnaninf) for __fpl_dnaninf
    printf1.o(x$fpl$printf1) refers to _printf_fp_dec.o(.text) for _printf_fp_dec_real
    round.o(i.__hardfp_round) refers (Special) to usenofp.o(x$fpl$usenofp) for __I$use$fp
    round.o(i.__hardfp_round) refers to drnd.o(x$fpl$drnd) for _drnd
    round.o(i.__hardfp_round) refers to daddsub_clz.o(x$fpl$dsub) for __aeabi_dsub
    round.o(i.__hardfp_round) refers to dleqf.o(x$fpl$dleqf) for __aeabi_cdcmple
    round.o(i.__hardfp_round) refers to drleqf.o(x$fpl$drleqf) for __aeabi_cdrcmple
    round.o(i.__hardfp_round) refers to daddsub_clz.o(x$fpl$dadd) for __aeabi_dadd
    round.o(i.round) refers (Special) to usenofp.o(x$fpl$usenofp) for __I$use$fp
    round.o(i.round) refers to drnd.o(x$fpl$drnd) for _drnd
    round.o(i.round) refers to daddsub_clz.o(x$fpl$dsub) for __aeabi_dsub
    round.o(i.round) refers to dleqf.o(x$fpl$dleqf) for __aeabi_cdcmple
    round.o(i.round) refers to drleqf.o(x$fpl$drleqf) for __aeabi_cdrcmple
    round.o(i.round) refers to daddsub_clz.o(x$fpl$dadd) for __aeabi_dadd
    __rtentry.o(.ARM.Collect$$rtentry$$00000000) refers (Special) to __rtentry2.o(.ARM.Collect$$rtentry$$0000000A) for __rt_entry_li
    __rtentry.o(.ARM.Collect$$rtentry$$00000000) refers (Special) to __rtentry2.o(.ARM.Collect$$rtentry$$0000000D) for __rt_entry_main
    __rtentry.o(.ARM.Collect$$rtentry$$00000000) refers (Special) to __rtentry2.o(.ARM.Collect$$rtentry$$0000000C) for __rt_entry_postli_1
    __rtentry.o(.ARM.Collect$$rtentry$$00000000) refers (Special) to __rtentry2.o(.ARM.Collect$$rtentry$$00000009) for __rt_entry_postsh_1
    __rtentry.o(.ARM.Collect$$rtentry$$00000000) refers (Special) to __rtentry2.o(.ARM.Collect$$rtentry$$00000002) for __rt_entry_presh_1
    __rtentry.o(.ARM.Collect$$rtentry$$00000000) refers (Special) to __rtentry4.o(.ARM.Collect$$rtentry$$00000004) for __rt_entry_sh
    _printf_fp_dec.o(.text) refers (Special) to usenofp.o(x$fpl$usenofp) for __I$use$fp
    _printf_fp_dec.o(.text) refers (Special) to lc_numeric_c.o(locale$$code) for _get_lc_numeric
    _printf_fp_dec.o(.text) refers to bigflt0.o(.text) for _btod_etento
    _printf_fp_dec.o(.text) refers to btod.o(CL$$btod_d2e) for _btod_d2e
    _printf_fp_dec.o(.text) refers to btod.o(CL$$btod_ediv) for _btod_ediv
    _printf_fp_dec.o(.text) refers to btod.o(CL$$btod_emul) for _btod_emul
    _printf_fp_dec.o(.text) refers to lludiv10.o(.text) for _ll_udiv10
    _printf_fp_dec.o(.text) refers to fpclassify.o(i.__ARM_fpclassify) for __ARM_fpclassify
    _printf_fp_dec.o(.text) refers to _printf_fp_infnan.o(.text) for _printf_fp_infnan
    _printf_fp_dec.o(.text) refers to rt_locale_intlibspace.o(.text) for __rt_locale
    _printf_char_common.o(.text) refers to __printf.o(.text) for __printf
    dleqf.o(x$fpl$dleqf) refers (Special) to usenofp.o(x$fpl$usenofp) for __I$use$fp
    dleqf.o(x$fpl$dleqf) refers to dnaninf.o(x$fpl$dnaninf) for __fpl_dnaninf
    dleqf.o(x$fpl$dleqf) refers to dcmpi.o(x$fpl$dcmpinf) for __fpl_dcmp_Inf
    dnaninf.o(x$fpl$dnaninf) refers (Special) to usenofp.o(x$fpl$usenofp) for __I$use$fp
    dretinf.o(x$fpl$dretinf) refers (Special) to usenofp.o(x$fpl$usenofp) for __I$use$fp
    drleqf.o(x$fpl$drleqf) refers (Special) to usenofp.o(x$fpl$usenofp) for __I$use$fp
    drleqf.o(x$fpl$drleqf) refers to dleqf.o(x$fpl$dleqf) for __fpl_dcmple_InfNaN
    drnd.o(x$fpl$drnd) refers (Special) to usenofp.o(x$fpl$usenofp) for __I$use$fp
    drnd.o(x$fpl$drnd) refers to dnaninf.o(x$fpl$dnaninf) for __fpl_dnaninf
    __rtentry2.o(.ARM.Collect$$rtentry$$00000008) refers to boardinit2.o(.text) for _platform_post_stackheap_init
    __rtentry2.o(.ARM.Collect$$rtentry$$0000000A) refers to libinit.o(.ARM.Collect$$libinit$$00000000) for __rt_lib_init
    __rtentry2.o(.ARM.Collect$$rtentry$$0000000B) refers to boardinit3.o(.text) for _platform_post_lib_init
    __rtentry2.o(.ARM.Collect$$rtentry$$0000000D) refers to proj6.o(i.main) for main
    __rtentry2.o(.ARM.Collect$$rtentry$$0000000D) refers to exit.o(.text) for exit
    __rtentry2.o(.ARM.exidx) refers to __rtentry2.o(.ARM.Collect$$rtentry$$00000001) for .ARM.Collect$$rtentry$$00000001
    __rtentry2.o(.ARM.exidx) refers to __rtentry2.o(.ARM.Collect$$rtentry$$00000008) for .ARM.Collect$$rtentry$$00000008
    __rtentry2.o(.ARM.exidx) refers to __rtentry2.o(.ARM.Collect$$rtentry$$0000000A) for .ARM.Collect$$rtentry$$0000000A
    __rtentry2.o(.ARM.exidx) refers to __rtentry2.o(.ARM.Collect$$rtentry$$0000000B) for .ARM.Collect$$rtentry$$0000000B
    __rtentry2.o(.ARM.exidx) refers to __rtentry2.o(.ARM.Collect$$rtentry$$0000000D) for .ARM.Collect$$rtentry$$0000000D
    __rtentry4.o(.ARM.Collect$$rtentry$$00000004) refers to sys_stackheap_outer.o(.text) for __user_setup_stackheap
    __rtentry4.o(.ARM.exidx) refers to __rtentry4.o(.ARM.Collect$$rtentry$$00000004) for .ARM.Collect$$rtentry$$00000004
    rt_locale.o(.text) refers to rt_locale.o(.bss) for __rt_locale_data
    rt_locale_intlibspace.o(.text) refers to libspace.o(.bss) for __libspace_start
    bigflt0.o(.text) refers (Special) to usenofp.o(x$fpl$usenofp) for __I$use$fp
    bigflt0.o(.text) refers to btod.o(CL$$btod_emul) for _btod_emul
    bigflt0.o(.text) refers to btod.o(CL$$btod_ediv) for _btod_ediv
    bigflt0.o(.text) refers to bigflt0.o(.constdata) for .constdata
    bigflt0.o(.constdata) refers (Special) to usenofp.o(x$fpl$usenofp) for __I$use$fp
    btod.o(CL$$btod_d2e) refers (Special) to usenofp.o(x$fpl$usenofp) for __I$use$fp
    btod.o(CL$$btod_d2e) refers to btod.o(CL$$btod_d2e_norm_op1) for _d2e_norm_op1
    btod.o(CL$$btod_d2e_norm_op1) refers (Special) to usenofp.o(x$fpl$usenofp) for __I$use$fp
    btod.o(CL$$btod_d2e_norm_op1) refers to btod.o(CL$$btod_d2e_denorm_low) for _d2e_denorm_low
    btod.o(CL$$btod_d2e_denorm_low) refers (Special) to usenofp.o(x$fpl$usenofp) for __I$use$fp
    btod.o(CL$$btod_emul) refers (Special) to usenofp.o(x$fpl$usenofp) for __I$use$fp
    btod.o(CL$$btod_emul) refers to btod.o(CL$$btod_mult_common) for __btod_mult_common
    btod.o(CL$$btod_emul) refers to btod.o(CL$$btod_e2e) for _e2e
    btod.o(CL$$btod_ediv) refers (Special) to usenofp.o(x$fpl$usenofp) for __I$use$fp
    btod.o(CL$$btod_ediv) refers to btod.o(CL$$btod_div_common) for __btod_div_common
    btod.o(CL$$btod_ediv) refers to btod.o(CL$$btod_e2e) for _e2e
    btod.o(CL$$btod_emuld) refers (Special) to usenofp.o(x$fpl$usenofp) for __I$use$fp
    btod.o(CL$$btod_emuld) refers to btod.o(CL$$btod_mult_common) for __btod_mult_common
    btod.o(CL$$btod_emuld) refers to btod.o(CL$$btod_e2d) for _e2d
    btod.o(CL$$btod_edivd) refers (Special) to usenofp.o(x$fpl$usenofp) for __I$use$fp
    btod.o(CL$$btod_edivd) refers to btod.o(CL$$btod_div_common) for __btod_div_common
    btod.o(CL$$btod_edivd) refers to btod.o(CL$$btod_e2d) for _e2d
    btod.o(CL$$btod_e2e) refers (Special) to usenofp.o(x$fpl$usenofp) for __I$use$fp
    btod.o(CL$$btod_e2d) refers (Special) to usenofp.o(x$fpl$usenofp) for __I$use$fp
    btod.o(CL$$btod_e2d) refers to btod.o(CL$$btod_e2e) for _e2e
    btod.o(CL$$btod_mult_common) refers (Special) to usenofp.o(x$fpl$usenofp) for __I$use$fp
    btod.o(CL$$btod_div_common) refers (Special) to usenofp.o(x$fpl$usenofp) for __I$use$fp
    lc_numeric_c.o(locale$$data) refers (Special) to libinit2.o(.ARM.Collect$$libinit$$00000016) for __rt_lib_init_lc_numeric_2
    lc_numeric_c.o(locale$$code) refers (Special) to libinit2.o(.ARM.Collect$$libinit$$00000016) for __rt_lib_init_lc_numeric_2
    lc_numeric_c.o(locale$$code) refers to strcmpv7m.o(.text) for strcmp
    lc_numeric_c.o(locale$$code) refers to lc_numeric_c.o(locale$$data) for __lcnum_c_name
    dcmpi.o(x$fpl$dcmpinf) refers (Special) to usenofp.o(x$fpl$usenofp) for __I$use$fp
    istatus.o(x$fpl$ieeestatus) refers (Special) to usenofp.o(x$fpl$usenofp) for __I$use$fp
    fpclassify.o(i.__ARM_fpclassify) refers (Special) to usenofp.o(x$fpl$usenofp) for __I$use$fp
    libspace.o(.text) refers to libspace.o(.bss) for __libspace_start
    sys_stackheap_outer.o(.text) refers to libspace.o(.text) for __user_perproc_libspace
    sys_stackheap_outer.o(.text) refers to startup_stm32l476xx.o(.text) for __user_initial_stackheap
    exit.o(.text) refers to rtexit.o(.ARM.Collect$$rtexit$$00000000) for __rt_exit
    libinit.o(.ARM.Collect$$libinit$$00000000) refers (Special) to libinit2.o(.ARM.Collect$$libinit$$0000002E) for __rt_lib_init_alloca_1
    libinit.o(.ARM.Collect$$libinit$$00000000) refers (Special) to libinit2.o(.ARM.Collect$$libinit$$0000002C) for __rt_lib_init_argv_1
    libinit.o(.ARM.Collect$$libinit$$00000000) refers (Special) to libinit2.o(.ARM.Collect$$libinit$$0000001B) for __rt_lib_init_atexit_1
    libinit.o(.ARM.Collect$$libinit$$00000000) refers (Special) to libinit2.o(.ARM.Collect$$libinit$$00000021) for __rt_lib_init_clock_1
    libinit.o(.ARM.Collect$$libinit$$00000000) refers (Special) to libinit2.o(.ARM.Collect$$libinit$$00000032) for __rt_lib_init_cpp_1
    libinit.o(.ARM.Collect$$libinit$$00000000) refers (Special) to libinit2.o(.ARM.Collect$$libinit$$00000030) for __rt_lib_init_exceptions_1
    libinit.o(.ARM.Collect$$libinit$$00000000) refers (Special) to libinit2.o(.ARM.Collect$$libinit$$00000001) for __rt_lib_init_fp_1
    libinit.o(.ARM.Collect$$libinit$$00000000) refers (Special) to libinit2.o(.ARM.Collect$$libinit$$0000001F) for __rt_lib_init_fp_trap_1
    libinit.o(.ARM.Collect$$libinit$$00000000) refers (Special) to libinit2.o(.ARM.Collect$$libinit$$00000023) for __rt_lib_init_getenv_1
    libinit.o(.ARM.Collect$$libinit$$00000000) refers (Special) to libinit2.o(.ARM.Collect$$libinit$$0000000A) for __rt_lib_init_heap_1
    libinit.o(.ARM.Collect$$libinit$$00000000) refers (Special) to libinit2.o(.ARM.Collect$$libinit$$00000011) for __rt_lib_init_lc_collate_1
    libinit.o(.ARM.Collect$$libinit$$00000000) refers (Special) to libinit2.o(.ARM.Collect$$libinit$$00000013) for __rt_lib_init_lc_ctype_1
    libinit.o(.ARM.Collect$$libinit$$00000000) refers (Special) to libinit2.o(.ARM.Collect$$libinit$$00000015) for __rt_lib_init_lc_monetary_1
    libinit.o(.ARM.Collect$$libinit$$00000000) refers (Special) to libinit2.o(.ARM.Collect$$libinit$$00000017) for __rt_lib_init_lc_numeric_1
    libinit.o(.ARM.Collect$$libinit$$00000000) refers (Special) to libinit2.o(.ARM.Collect$$libinit$$00000019) for __rt_lib_init_lc_time_1
    libinit.o(.ARM.Collect$$libinit$$00000000) refers (Special) to libinit2.o(.ARM.Collect$$libinit$$00000004) for __rt_lib_init_preinit_1
    libinit.o(.ARM.Collect$$libinit$$00000000) refers (Special) to libinit2.o(.ARM.Collect$$libinit$$0000000E) for __rt_lib_init_rand_1
    libinit.o(.ARM.Collect$$libinit$$00000000) refers (Special) to libinit2.o(.ARM.Collect$$libinit$$00000033) for __rt_lib_init_return
    libinit.o(.ARM.Collect$$libinit$$00000000) refers (Special) to libinit2.o(.ARM.Collect$$libinit$$0000001D) for __rt_lib_init_signal_1
    libinit.o(.ARM.Collect$$libinit$$00000000) refers (Special) to libinit2.o(.ARM.Collect$$libinit$$00000025) for __rt_lib_init_stdio_1
    libinit.o(.ARM.Collect$$libinit$$00000000) refers (Special) to libinit2.o(.ARM.Collect$$libinit$$0000000C) for __rt_lib_init_user_alloc_1
    libinit2.o(.ARM.Collect$$libinit$$00000001) refers to fpinit.o(x$fpl$fpinit) for _fp_init
    libinit2.o(.ARM.Collect$$libinit$$0000000F) refers (Weak) to rt_locale_intlibspace.o(.text) for __rt_locale
    libinit2.o(.ARM.Collect$$libinit$$00000010) refers to libinit2.o(.ARM.Collect$$libinit$$0000000F) for .ARM.Collect$$libinit$$0000000F
    libinit2.o(.ARM.Collect$$libinit$$00000012) refers to libinit2.o(.ARM.Collect$$libinit$$0000000F) for .ARM.Collect$$libinit$$0000000F
    libinit2.o(.ARM.Collect$$libinit$$00000014) refers to libinit2.o(.ARM.Collect$$libinit$$0000000F) for .ARM.Collect$$libinit$$0000000F
    libinit2.o(.ARM.Collect$$libinit$$00000016) refers to libinit2.o(.ARM.Collect$$libinit$$0000000F) for .ARM.Collect$$libinit$$0000000F
    libinit2.o(.ARM.Collect$$libinit$$00000016) refers (Weak) to lc_numeric_c.o(locale$$code) for _get_lc_numeric
    libinit2.o(.ARM.Collect$$libinit$$00000018) refers to libinit2.o(.ARM.Collect$$libinit$$0000000F) for .ARM.Collect$$libinit$$0000000F
    libinit2.o(.ARM.Collect$$libinit$$00000026) refers to argv_veneer.o(.emb_text) for __ARM_argv_veneer
    libinit2.o(.ARM.Collect$$libinit$$00000027) refers to argv_veneer.o(.emb_text) for __ARM_argv_veneer
    rtexit.o(.ARM.Collect$$rtexit$$00000000) refers (Special) to rtexit2.o(.ARM.Collect$$rtexit$$00000004) for __rt_exit_exit
    rtexit.o(.ARM.Collect$$rtexit$$00000000) refers (Special) to rtexit2.o(.ARM.Collect$$rtexit$$00000003) for __rt_exit_ls
    rtexit.o(.ARM.Collect$$rtexit$$00000000) refers (Special) to rtexit2.o(.ARM.Collect$$rtexit$$00000002) for __rt_exit_prels_1
    rtexit.o(.ARM.exidx) refers (Special) to rtexit2.o(.ARM.Collect$$rtexit$$00000004) for __rt_exit_exit
    rtexit.o(.ARM.exidx) refers (Special) to rtexit2.o(.ARM.Collect$$rtexit$$00000003) for __rt_exit_ls
    rtexit.o(.ARM.exidx) refers (Special) to rtexit2.o(.ARM.Collect$$rtexit$$00000002) for __rt_exit_prels_1
    rtexit.o(.ARM.exidx) refers to rtexit.o(.ARM.Collect$$rtexit$$00000000) for .ARM.Collect$$rtexit$$00000000
    argv_veneer.o(.emb_text) refers to no_argv.o(.text) for __ARM_get_argv
    rtexit2.o(.ARM.Collect$$rtexit$$00000003) refers to libshutdown.o(.ARM.Collect$$libshutdown$$00000000) for __rt_lib_shutdown
    rtexit2.o(.ARM.Collect$$rtexit$$00000004) refers to sys_exit.o(.text) for _sys_exit
    rtexit2.o(.ARM.exidx) refers to rtexit2.o(.ARM.Collect$$rtexit$$00000001) for .ARM.Collect$$rtexit$$00000001
    rtexit2.o(.ARM.exidx) refers to rtexit2.o(.ARM.Collect$$rtexit$$00000003) for .ARM.Collect$$rtexit$$00000003
    rtexit2.o(.ARM.exidx) refers to rtexit2.o(.ARM.Collect$$rtexit$$00000004) for .ARM.Collect$$rtexit$$00000004
    _get_argv_nomalloc.o(.text) refers (Special) to hrguard.o(.text) for __heap_region$guard
    _get_argv_nomalloc.o(.text) refers to defsig_rtmem_outer.o(.text) for __rt_SIGRTMEM
    _get_argv_nomalloc.o(.text) refers to sys_command.o(.text) for _sys_command_string
    sys_command.o(.text) refers (Special) to use_no_semi.o(.text) for __I$use$semihosting
    sys_command.o(.text) refers (Special) to indicate_semi.o(.text) for __semihosting_library_function
    sys_exit.o(.text) refers (Special) to use_no_semi.o(.text) for __I$use$semihosting
    sys_exit.o(.text) refers (Special) to indicate_semi.o(.text) for __semihosting_library_function
    defsig_rtmem_outer.o(.text) refers to defsig_rtmem_inner.o(.text) for __rt_SIGRTMEM_inner
    defsig_rtmem_outer.o(.text) refers to defsig_exit.o(.text) for __sig_exit
    defsig_rtmem_formal.o(.text) refers to rt_raise.o(.text) for __rt_raise
    libshutdown.o(.ARM.Collect$$libshutdown$$00000000) refers (Special) to libshutdown2.o(.ARM.Collect$$libshutdown$$00000002) for __rt_lib_shutdown_cpp_1
    libshutdown.o(.ARM.Collect$$libshutdown$$00000000) refers (Special) to libshutdown2.o(.ARM.Collect$$libshutdown$$00000007) for __rt_lib_shutdown_fp_trap_1
    libshutdown.o(.ARM.Collect$$libshutdown$$00000000) refers (Special) to libshutdown2.o(.ARM.Collect$$libshutdown$$0000000F) for __rt_lib_shutdown_heap_1
    libshutdown.o(.ARM.Collect$$libshutdown$$00000000) refers (Special) to libshutdown2.o(.ARM.Collect$$libshutdown$$00000010) for __rt_lib_shutdown_return
    libshutdown.o(.ARM.Collect$$libshutdown$$00000000) refers (Special) to libshutdown2.o(.ARM.Collect$$libshutdown$$0000000A) for __rt_lib_shutdown_signal_1
    libshutdown.o(.ARM.Collect$$libshutdown$$00000000) refers (Special) to libshutdown2.o(.ARM.Collect$$libshutdown$$00000004) for __rt_lib_shutdown_stdio_1
    libshutdown.o(.ARM.Collect$$libshutdown$$00000000) refers (Special) to libshutdown2.o(.ARM.Collect$$libshutdown$$0000000C) for __rt_lib_shutdown_user_alloc_1
    rt_raise.o(.text) refers to __raise.o(.text) for __raise
    rt_raise.o(.text) refers to sys_exit.o(.text) for _sys_exit
    defsig_exit.o(.text) refers to sys_exit.o(.text) for _sys_exit
    defsig_rtmem_inner.o(.text) refers to defsig_general.o(.text) for __default_signal_display
    __raise.o(.text) refers to defsig.o(CL$$defsig) for __default_signal_handler
    defsig_general.o(.text) refers to sys_wrch.o(.text) for _ttywrch
    sys_wrch.o(.text) refers (Special) to use_no_semi.o(.text) for __I$use$semihosting
    sys_wrch.o(.text) refers (Special) to indicate_semi.o(.text) for __semihosting_library_function
    defsig.o(CL$$defsig) refers to defsig_rtmem_inner.o(.text) for __rt_SIGRTMEM_inner
    defsig_abrt_inner.o(.text) refers to defsig_general.o(.text) for __default_signal_display
    defsig_fpe_inner.o(.text) refers to defsig_general.o(.text) for __default_signal_display
    defsig_rtred_inner.o(.text) refers to defsig_general.o(.text) for __default_signal_display
    defsig_stak_inner.o(.text) refers to defsig_general.o(.text) for __default_signal_display
    defsig_pvfn_inner.o(.text) refers to defsig_general.o(.text) for __default_signal_display
    defsig_cppl_inner.o(.text) refers to defsig_general.o(.text) for __default_signal_display
    defsig_segv_inner.o(.text) refers to defsig_general.o(.text) for __default_signal_display
    defsig_other.o(.text) refers to defsig_general.o(.text) for __default_signal_display


==============================================================================

Removing Unused input sections from the image.

    Removing led.o(.rev16_text), (4 bytes).
    Removing led.o(.revsh_text), (4 bytes).
    Removing led.o(.rrx_text), (6 bytes).
    Removing led.o(i.Green_LED_Off), (20 bytes).
    Removing led.o(i.Green_LED_On), (20 bytes).
    Removing led.o(i.Green_LED_Toggle), (20 bytes).
    Removing led.o(i.Red_LED_Toggle), (20 bytes).
    Removing proj6.o(.rev16_text), (4 bytes).
    Removing proj6.o(.revsh_text), (4 bytes).
    Removing proj6.o(.rrx_text), (6 bytes).
    Removing sysclock.o(.rev16_text), (4 bytes).
    Removing sysclock.o(.revsh_text), (4 bytes).
    Removing sysclock.o(.rrx_text), (6 bytes).
    Removing timer.o(.rev16_text), (4 bytes).
    Removing timer.o(.revsh_text), (4 bytes).
    Removing timer.o(.rrx_text), (6 bytes).
    Removing timer.o(.bss), (50 bytes).
    Removing uart.o(.rev16_text), (4 bytes).
    Removing uart.o(.revsh_text), (4 bytes).
    Removing uart.o(.rrx_text), (6 bytes).
    Removing uart.o(i.USART_IRQHandler), (92 bytes).
    Removing uart.o(i.USART_Read), (20 bytes).
    Removing uart.o(i.USART_Read_First), (20 bytes).

23 unused section(s) (total 332 bytes) removed from the image.

==============================================================================

Image Symbol Table

    Local Symbols

    Symbol Name                              Value     Ov Type        Size  Object(Section)

    ../clib/angel/boardlib.s                 0x00000000   Number         0  boardinit1.o ABSOLUTE
    ../clib/angel/boardlib.s                 0x00000000   Number         0  boardinit3.o ABSOLUTE
    ../clib/angel/boardlib.s                 0x00000000   Number         0  boardinit2.o ABSOLUTE
    ../clib/angel/boardlib.s                 0x00000000   Number         0  boardshut.o ABSOLUTE
    ../clib/angel/handlers.s                 0x00000000   Number         0  __scatter_zi.o ABSOLUTE
    ../clib/angel/kernel.s                   0x00000000   Number         0  __rtentry2.o ABSOLUTE
    ../clib/angel/kernel.s                   0x00000000   Number         0  __rtentry4.o ABSOLUTE
    ../clib/angel/kernel.s                   0x00000000   Number         0  rtexit2.o ABSOLUTE
    ../clib/angel/kernel.s                   0x00000000   Number         0  rtexit.o ABSOLUTE
    ../clib/angel/kernel.s                   0x00000000   Number         0  __rtentry.o ABSOLUTE
    ../clib/angel/rt.s                       0x00000000   Number         0  rt_locale.o ABSOLUTE
    ../clib/angel/rt.s                       0x00000000   Number         0  rt_locale_intlibspace.o ABSOLUTE
    ../clib/angel/rt.s                       0x00000000   Number         0  rt_raise.o ABSOLUTE
    ../clib/angel/scatter.s                  0x00000000   Number         0  __scatter.o ABSOLUTE
    ../clib/angel/startup.s                  0x00000000   Number         0  __main.o ABSOLUTE
    ../clib/angel/sys.s                      0x00000000   Number         0  indicate_semi.o ABSOLUTE
    ../clib/angel/sys.s                      0x00000000   Number         0  sys_stackheap_outer.o ABSOLUTE
    ../clib/angel/sys.s                      0x00000000   Number         0  use_no_semi.o ABSOLUTE
    ../clib/angel/sys.s                      0x00000000   Number         0  libspace.o ABSOLUTE
    ../clib/angel/sysapp.c                   0x00000000   Number         0  sys_command.o ABSOLUTE
    ../clib/angel/sysapp.c                   0x00000000   Number         0  sys_wrch.o ABSOLUTE
    ../clib/angel/sysapp.c                   0x00000000   Number         0  sys_exit.o ABSOLUTE
    ../clib/armsys.c                         0x00000000   Number         0  no_argv.o ABSOLUTE
    ../clib/armsys.c                         0x00000000   Number         0  argv_veneer.o ABSOLUTE
    ../clib/armsys.c                         0x00000000   Number         0  argv_veneer.o ABSOLUTE
    ../clib/armsys.c                         0x00000000   Number         0  _get_argv_nomalloc.o ABSOLUTE
    ../clib/bigflt.c                         0x00000000   Number         0  bigflt0.o ABSOLUTE
    ../clib/btod.s                           0x00000000   Number         0  btod.o ABSOLUTE
    ../clib/heapalloc.c                      0x00000000   Number         0  hrguard.o ABSOLUTE
    ../clib/heapaux.c                        0x00000000   Number         0  heapauxi.o ABSOLUTE
    ../clib/libinit.s                        0x00000000   Number         0  libshutdown2.o ABSOLUTE
    ../clib/libinit.s                        0x00000000   Number         0  libshutdown.o ABSOLUTE
    ../clib/libinit.s                        0x00000000   Number         0  libinit2.o ABSOLUTE
    ../clib/libinit.s                        0x00000000   Number         0  libinit.o ABSOLUTE
    ../clib/locale.s                         0x00000000   Number         0  lc_numeric_c.o ABSOLUTE
    ../clib/longlong.s                       0x00000000   Number         0  lludiv10.o ABSOLUTE
    ../clib/memcpset.s                       0x00000000   Number         0  strcmpv7m.o ABSOLUTE
    ../clib/misc.s                           0x00000000   Number         0  printf_stubs.o ABSOLUTE
    ../clib/printf.c                         0x00000000   Number         0  _sputc.o ABSOLUTE
    ../clib/printf.c                         0x00000000   Number         0  _printf_fp_dec.o ABSOLUTE
    ../clib/printf.c                         0x00000000   Number         0  __2sprintf.o ABSOLUTE
    ../clib/printf.c                         0x00000000   Number         0  noretval__2sprintf.o ABSOLUTE
    ../clib/printf.c                         0x00000000   Number         0  __printf.o ABSOLUTE
    ../clib/printf.c                         0x00000000   Number         0  __printf_flags.o ABSOLUTE
    ../clib/printf.c                         0x00000000   Number         0  __printf_flags_ss.o ABSOLUTE
    ../clib/printf.c                         0x00000000   Number         0  __printf_wp.o ABSOLUTE
    ../clib/printf.c                         0x00000000   Number         0  __printf_flags_wp.o ABSOLUTE
    ../clib/printf.c                         0x00000000   Number         0  __printf_ss_wp.o ABSOLUTE
    ../clib/printf.c                         0x00000000   Number         0  __printf_flags_ss_wp.o ABSOLUTE
    ../clib/printf.c                         0x00000000   Number         0  _printf_fp_infnan.o ABSOLUTE
    ../clib/printf.c                         0x00000000   Number         0  __printf_nopercent.o ABSOLUTE
    ../clib/printf.c                         0x00000000   Number         0  _printf_char_common.o ABSOLUTE
    ../clib/printf.c                         0x00000000   Number         0  __printf_ss.o ABSOLUTE
    ../clib/printf_percent.s                 0x00000000   Number         0  _printf_percent_end.o ABSOLUTE
    ../clib/printf_percent.s                 0x00000000   Number         0  _printf_percent.o ABSOLUTE
    ../clib/printf_percent.s                 0x00000000   Number         0  _printf_f.o ABSOLUTE
    ../clib/signal.c                         0x00000000   Number         0  defsig_abrt_inner.o ABSOLUTE
    ../clib/signal.c                         0x00000000   Number         0  defsig_general.o ABSOLUTE
    ../clib/signal.c                         0x00000000   Number         0  __raise.o ABSOLUTE
    ../clib/signal.c                         0x00000000   Number         0  defsig_rtmem_inner.o ABSOLUTE
    ../clib/signal.c                         0x00000000   Number         0  defsig_exit.o ABSOLUTE
    ../clib/signal.c                         0x00000000   Number         0  defsig_rtmem_outer.o ABSOLUTE
    ../clib/signal.c                         0x00000000   Number         0  defsig_pvfn_inner.o ABSOLUTE
    ../clib/signal.c                         0x00000000   Number         0  defsig_other.o ABSOLUTE
    ../clib/signal.c                         0x00000000   Number         0  defsig_segv_inner.o ABSOLUTE
    ../clib/signal.c                         0x00000000   Number         0  defsig_cppl_inner.o ABSOLUTE
    ../clib/signal.c                         0x00000000   Number         0  defsig_rtmem_formal.o ABSOLUTE
    ../clib/signal.c                         0x00000000   Number         0  defsig_stak_inner.o ABSOLUTE
    ../clib/signal.c                         0x00000000   Number         0  defsig_rtred_inner.o ABSOLUTE
    ../clib/signal.c                         0x00000000   Number         0  defsig_fpe_inner.o ABSOLUTE
    ../clib/signal.s                         0x00000000   Number         0  defsig.o ABSOLUTE
    ../clib/stdlib.c                         0x00000000   Number         0  exit.o ABSOLUTE
    ../fplib/daddsub.s                       0x00000000   Number         0  daddsub_clz.o ABSOLUTE
    ../fplib/dcmpi.s                         0x00000000   Number         0  dcmpi.o ABSOLUTE
    ../fplib/ddiv.s                          0x00000000   Number         0  ddiv.o ABSOLUTE
    ../fplib/dfix.s                          0x00000000   Number         0  dfix.o ABSOLUTE
    ../fplib/dflt.s                          0x00000000   Number         0  dflt_clz.o ABSOLUTE
    ../fplib/dleqf.s                         0x00000000   Number         0  dleqf.o ABSOLUTE
    ../fplib/dmul.s                          0x00000000   Number         0  dmul.o ABSOLUTE
    ../fplib/dnaninf.s                       0x00000000   Number         0  dnaninf.o ABSOLUTE
    ../fplib/dretinf.s                       0x00000000   Number         0  dretinf.o ABSOLUTE
    ../fplib/drleqf.s                        0x00000000   Number         0  drleqf.o ABSOLUTE
    ../fplib/drnd.s                          0x00000000   Number         0  drnd.o ABSOLUTE
    ../fplib/fpinit.s                        0x00000000   Number         0  fpinit.o ABSOLUTE
    ../fplib/istatus.s                       0x00000000   Number         0  istatus.o ABSOLUTE
    ../fplib/printf1.s                       0x00000000   Number         0  printf1.o ABSOLUTE
    ../fplib/usenofp.s                       0x00000000   Number         0  usenofp.o ABSOLUTE
    ../mathlib/fpclassify.c                  0x00000000   Number         0  fpclassify.o ABSOLUTE
    ../mathlib/round.c                       0x00000000   Number         0  round.o ABSOLUTE
    LED.c                                    0x00000000   Number         0  led.o ABSOLUTE
    LED.c                                    0x00000000   Number         0  led.o ABSOLUTE
    SysClock.c                               0x00000000   Number         0  sysclock.o ABSOLUTE
    SysClock.c                               0x00000000   Number         0  sysclock.o ABSOLUTE
    TIMER.c                                  0x00000000   Number         0  timer.o ABSOLUTE
    TIMER.c                                  0x00000000   Number         0  timer.o ABSOLUTE
    UART.c                                   0x00000000   Number         0  uart.o ABSOLUTE
    UART.c                                   0x00000000   Number         0  uart.o ABSOLUTE
    dc.s                                     0x00000000   Number         0  dc.o ABSOLUTE
    proj6.c                                  0x00000000   Number         0  proj6.o ABSOLUTE
    proj6.c                                  0x00000000   Number         0  proj6.o ABSOLUTE
    startup_stm32l476xx.s                    0x00000000   Number         0  startup_stm32l476xx.o ABSOLUTE
    RESET                                    0x08000000   Section      392  startup_stm32l476xx.o(RESET)
    !!!main                                  0x08000188   Section        8  __main.o(!!!main)
    !!!scatter                               0x08000190   Section       52  __scatter.o(!!!scatter)
    !!handler_zi                             0x080001c4   Section       28  __scatter_zi.o(!!handler_zi)
    .ARM.Collect$$_printf_percent$$00000000  0x080001e0   Section        0  _printf_percent.o(.ARM.Collect$$_printf_percent$$00000000)
    .ARM.Collect$$_printf_percent$$00000003  0x080001e0   Section        6  _printf_f.o(.ARM.Collect$$_printf_percent$$00000003)
    .ARM.Collect$$_printf_percent$$00000017  0x080001e6   Section        4  _printf_percent_end.o(.ARM.Collect$$_printf_percent$$00000017)
    .ARM.Collect$$libinit$$00000000          0x080001ea   Section        2  libinit.o(.ARM.Collect$$libinit$$00000000)
    .ARM.Collect$$libinit$$00000001          0x080001ec   Section        4  libinit2.o(.ARM.Collect$$libinit$$00000001)
    .ARM.Collect$$libinit$$00000004          0x080001f0   Section        0  libinit2.o(.ARM.Collect$$libinit$$00000004)
    .ARM.Collect$$libinit$$0000000A          0x080001f0   Section        0  libinit2.o(.ARM.Collect$$libinit$$0000000A)
    .ARM.Collect$$libinit$$0000000C          0x080001f0   Section        0  libinit2.o(.ARM.Collect$$libinit$$0000000C)
    .ARM.Collect$$libinit$$0000000E          0x080001f0   Section        0  libinit2.o(.ARM.Collect$$libinit$$0000000E)
    .ARM.Collect$$libinit$$0000000F          0x080001f0   Section        6  libinit2.o(.ARM.Collect$$libinit$$0000000F)
    .ARM.Collect$$libinit$$00000011          0x080001f6   Section        0  libinit2.o(.ARM.Collect$$libinit$$00000011)
    .ARM.Collect$$libinit$$00000013          0x080001f6   Section        0  libinit2.o(.ARM.Collect$$libinit$$00000013)
    .ARM.Collect$$libinit$$00000015          0x080001f6   Section        0  libinit2.o(.ARM.Collect$$libinit$$00000015)
    .ARM.Collect$$libinit$$00000016          0x080001f6   Section       10  libinit2.o(.ARM.Collect$$libinit$$00000016)
    .ARM.Collect$$libinit$$00000017          0x08000200   Section        0  libinit2.o(.ARM.Collect$$libinit$$00000017)
    .ARM.Collect$$libinit$$00000019          0x08000200   Section        0  libinit2.o(.ARM.Collect$$libinit$$00000019)
    .ARM.Collect$$libinit$$0000001B          0x08000200   Section        0  libinit2.o(.ARM.Collect$$libinit$$0000001B)
    .ARM.Collect$$libinit$$0000001D          0x08000200   Section        0  libinit2.o(.ARM.Collect$$libinit$$0000001D)
    .ARM.Collect$$libinit$$0000001F          0x08000200   Section        0  libinit2.o(.ARM.Collect$$libinit$$0000001F)
    .ARM.Collect$$libinit$$00000021          0x08000200   Section        0  libinit2.o(.ARM.Collect$$libinit$$00000021)
    .ARM.Collect$$libinit$$00000023          0x08000200   Section        0  libinit2.o(.ARM.Collect$$libinit$$00000023)
    .ARM.Collect$$libinit$$00000025          0x08000200   Section        0  libinit2.o(.ARM.Collect$$libinit$$00000025)
    .ARM.Collect$$libinit$$0000002C          0x08000200   Section        0  libinit2.o(.ARM.Collect$$libinit$$0000002C)
    .ARM.Collect$$libinit$$0000002E          0x08000200   Section        0  libinit2.o(.ARM.Collect$$libinit$$0000002E)
    .ARM.Collect$$libinit$$00000030          0x08000200   Section        0  libinit2.o(.ARM.Collect$$libinit$$00000030)
    .ARM.Collect$$libinit$$00000032          0x08000200   Section        0  libinit2.o(.ARM.Collect$$libinit$$00000032)
    .ARM.Collect$$libinit$$00000033          0x08000200   Section        2  libinit2.o(.ARM.Collect$$libinit$$00000033)
    .ARM.Collect$$libshutdown$$00000000      0x08000202   Section        2  libshutdown.o(.ARM.Collect$$libshutdown$$00000000)
    .ARM.Collect$$libshutdown$$00000002      0x08000204   Section        0  libshutdown2.o(.ARM.Collect$$libshutdown$$00000002)
    .ARM.Collect$$libshutdown$$00000004      0x08000204   Section        0  libshutdown2.o(.ARM.Collect$$libshutdown$$00000004)
    .ARM.Collect$$libshutdown$$00000007      0x08000204   Section        0  libshutdown2.o(.ARM.Collect$$libshutdown$$00000007)
    .ARM.Collect$$libshutdown$$0000000A      0x08000204   Section        0  libshutdown2.o(.ARM.Collect$$libshutdown$$0000000A)
    .ARM.Collect$$libshutdown$$0000000C      0x08000204   Section        0  libshutdown2.o(.ARM.Collect$$libshutdown$$0000000C)
    .ARM.Collect$$libshutdown$$0000000F      0x08000204   Section        0  libshutdown2.o(.ARM.Collect$$libshutdown$$0000000F)
    .ARM.Collect$$libshutdown$$00000010      0x08000204   Section        2  libshutdown2.o(.ARM.Collect$$libshutdown$$00000010)
    .ARM.Collect$$rtentry$$00000000          0x08000206   Section        0  __rtentry.o(.ARM.Collect$$rtentry$$00000000)
    .ARM.Collect$$rtentry$$00000002          0x08000206   Section        0  __rtentry2.o(.ARM.Collect$$rtentry$$00000002)
    .ARM.Collect$$rtentry$$00000004          0x08000206   Section        6  __rtentry4.o(.ARM.Collect$$rtentry$$00000004)
    .ARM.Collect$$rtentry$$00000009          0x0800020c   Section        0  __rtentry2.o(.ARM.Collect$$rtentry$$00000009)
    .ARM.Collect$$rtentry$$0000000A          0x0800020c   Section        4  __rtentry2.o(.ARM.Collect$$rtentry$$0000000A)
    .ARM.Collect$$rtentry$$0000000C          0x08000210   Section        0  __rtentry2.o(.ARM.Collect$$rtentry$$0000000C)
    .ARM.Collect$$rtentry$$0000000D          0x08000210   Section        8  __rtentry2.o(.ARM.Collect$$rtentry$$0000000D)
    .ARM.Collect$$rtexit$$00000000           0x08000218   Section        2  rtexit.o(.ARM.Collect$$rtexit$$00000000)
    .ARM.Collect$$rtexit$$00000002           0x0800021a   Section        0  rtexit2.o(.ARM.Collect$$rtexit$$00000002)
    .ARM.Collect$$rtexit$$00000003           0x0800021a   Section        4  rtexit2.o(.ARM.Collect$$rtexit$$00000003)
    .ARM.Collect$$rtexit$$00000004           0x0800021e   Section        6  rtexit2.o(.ARM.Collect$$rtexit$$00000004)
    .text                                    0x08000224   Section      132  startup_stm32l476xx.o(.text)
    $v0                                      0x08000224   Number         0  startup_stm32l476xx.o(.text)
    .text                                    0x080002a8   Section        0  __2sprintf.o(.text)
    .text                                    0x080002d4   Section        0  __printf.o(.text)
    .text                                    0x0800033c   Section        0  heapauxi.o(.text)
    .text                                    0x08000342   Section        0  _printf_fp_dec.o(.text)
    _fp_digits                               0x08000345   Thumb Code   428  _printf_fp_dec.o(.text)
    .text                                    0x08000764   Section        0  _printf_char_common.o(.text)
    _printf_input_char                       0x08000765   Thumb Code    10  _printf_char_common.o(.text)
    .text                                    0x08000794   Section        0  _sputc.o(.text)
    .text                                    0x080007a0   Section        8  rt_locale_intlibspace.o(.text)
    .text                                    0x080007a8   Section      138  lludiv10.o(.text)
    .text                                    0x08000834   Section        0  _printf_fp_infnan.o(.text)
    .text                                    0x080008b4   Section        0  bigflt0.o(.text)
    .text                                    0x08000990   Section        8  libspace.o(.text)
    .text                                    0x08000998   Section       74  sys_stackheap_outer.o(.text)
    .text                                    0x080009e2   Section        0  exit.o(.text)
    .text                                    0x080009f4   Section      128  strcmpv7m.o(.text)
    .text                                    0x08000a74   Section        0  sys_exit.o(.text)
    .text                                    0x08000a80   Section        2  use_no_semi.o(.text)
    .text                                    0x08000a82   Section        0  indicate_semi.o(.text)
    CL$$btod_d2e                             0x08000a82   Section       62  btod.o(CL$$btod_d2e)
    CL$$btod_d2e_denorm_low                  0x08000ac0   Section       70  btod.o(CL$$btod_d2e_denorm_low)
    CL$$btod_d2e_norm_op1                    0x08000b06   Section       96  btod.o(CL$$btod_d2e_norm_op1)
    CL$$btod_div_common                      0x08000b66   Section      824  btod.o(CL$$btod_div_common)
    CL$$btod_e2e                             0x08000e9e   Section      198  btod.o(CL$$btod_e2e)
    CL$$btod_ediv                            0x08000f64   Section       40  btod.o(CL$$btod_ediv)
    CL$$btod_emul                            0x08000f8c   Section       40  btod.o(CL$$btod_emul)
    CL$$btod_mult_common                     0x08000fb4   Section      580  btod.o(CL$$btod_mult_common)
    i.LED_Init                               0x080011f8   Section        0  led.o(i.LED_Init)
    i.Red_LED_Off                            0x080012a0   Section        0  led.o(i.Red_LED_Off)
    i.Red_LED_On                             0x080012b4   Section        0  led.o(i.Red_LED_On)
    i.System_Clock_Init                      0x080012c8   Section        0  sysclock.o(i.System_Clock_Init)
    i.UART2_GPIO_Init                        0x0800144c   Section        0  uart.o(i.UART2_GPIO_Init)
    i.UART2_Init                             0x080014c0   Section        0  uart.o(i.UART2_Init)
    i.USART_Delay                            0x08001500   Section        0  uart.o(i.USART_Delay)
    i.USART_Init                             0x08001514   Section        0  uart.o(i.USART_Init)
    i.USART_Write                            0x080015c8   Section        0  uart.o(i.USART_Write)
    i.__ARM_fpclassify                       0x08001608   Section        0  fpclassify.o(i.__ARM_fpclassify)
    i.fetch_voltage                          0x08001638   Section        0  timer.o(i.fetch_voltage)
    i.init_gpio                              0x080016e0   Section        0  timer.o(i.init_gpio)
    i.init_pwm                               0x0800171c   Section        0  timer.o(i.init_pwm)
    i.main                                   0x080017b0   Section        0  proj6.o(i.main)
    i.pe_event                               0x08001910   Section        0  timer.o(i.pe_event)
    i.round                                  0x08001920   Section        0  round.o(i.round)
    locale$$code                             0x080019f8   Section       44  lc_numeric_c.o(locale$$code)
    x$fpl$dadd                               0x08001a24   Section      336  daddsub_clz.o(x$fpl$dadd)
    $v0                                      0x08001a24   Number         0  daddsub_clz.o(x$fpl$dadd)
    _dadd1                                   0x08001a35   Thumb Code     0  daddsub_clz.o(x$fpl$dadd)
    x$fpl$dcmpinf                            0x08001b74   Section       24  dcmpi.o(x$fpl$dcmpinf)
    $v0                                      0x08001b74   Number         0  dcmpi.o(x$fpl$dcmpinf)
    x$fpl$ddiv                               0x08001b8c   Section      688  ddiv.o(x$fpl$ddiv)
    $v0                                      0x08001b8c   Number         0  ddiv.o(x$fpl$ddiv)
    ddiv_entry                               0x08001b93   Thumb Code     0  ddiv.o(x$fpl$ddiv)
    x$fpl$dfix                               0x08001e3c   Section       94  dfix.o(x$fpl$dfix)
    $v0                                      0x08001e3c   Number         0  dfix.o(x$fpl$dfix)
    x$fpl$dflt                               0x08001e9a   Section       46  dflt_clz.o(x$fpl$dflt)
    $v0                                      0x08001e9a   Number         0  dflt_clz.o(x$fpl$dflt)
    x$fpl$dleqf                              0x08001ec8   Section      120  dleqf.o(x$fpl$dleqf)
    $v0                                      0x08001ec8   Number         0  dleqf.o(x$fpl$dleqf)
    x$fpl$dmul                               0x08001f40   Section      340  dmul.o(x$fpl$dmul)
    $v0                                      0x08001f40   Number         0  dmul.o(x$fpl$dmul)
    x$fpl$dnaninf                            0x08002094   Section      156  dnaninf.o(x$fpl$dnaninf)
    $v0                                      0x08002094   Number         0  dnaninf.o(x$fpl$dnaninf)
    x$fpl$dretinf                            0x08002130   Section       12  dretinf.o(x$fpl$dretinf)
    $v0                                      0x08002130   Number         0  dretinf.o(x$fpl$dretinf)
    x$fpl$drleqf                             0x0800213c   Section      108  drleqf.o(x$fpl$drleqf)
    $v0                                      0x0800213c   Number         0  drleqf.o(x$fpl$drleqf)
    x$fpl$drnd                               0x080021a8   Section      180  drnd.o(x$fpl$drnd)
    $v0                                      0x080021a8   Number         0  drnd.o(x$fpl$drnd)
    x$fpl$dsub                               0x0800225c   Section      468  daddsub_clz.o(x$fpl$dsub)
    $v0                                      0x0800225c   Number         0  daddsub_clz.o(x$fpl$dsub)
    _dsub1                                   0x0800226d   Thumb Code     0  daddsub_clz.o(x$fpl$dsub)
    x$fpl$fpinit                             0x08002430   Section       10  fpinit.o(x$fpl$fpinit)
    $v0                                      0x08002430   Number         0  fpinit.o(x$fpl$fpinit)
    x$fpl$printf1                            0x0800243a   Section        4  printf1.o(x$fpl$printf1)
    $v0                                      0x0800243a   Number         0  printf1.o(x$fpl$printf1)
    x$fpl$usenofp                            0x0800243e   Section        0  usenofp.o(x$fpl$usenofp)
    .constdata                               0x08002440   Section      148  bigflt0.o(.constdata)
    tenpwrs_x                                0x08002440   Data          60  bigflt0.o(.constdata)
    tenpwrs_i                                0x0800247c   Data          64  bigflt0.o(.constdata)
    locale$$data                             0x080024e4   Section       28  lc_numeric_c.o(locale$$data)
    __lcnum_c_name                           0x080024e8   Data           2  lc_numeric_c.o(locale$$data)
    __lcnum_c_start                          0x080024f0   Data           0  lc_numeric_c.o(locale$$data)
    __lcnum_c_point                          0x080024fc   Data           0  lc_numeric_c.o(locale$$data)
    __lcnum_c_thousands                      0x080024fe   Data           0  lc_numeric_c.o(locale$$data)
    __lcnum_c_grouping                       0x080024ff   Data           0  lc_numeric_c.o(locale$$data)
    __lcnum_c_end                            0x08002500   Data           0  lc_numeric_c.o(locale$$data)
    .bss                                     0x20000000   Section       50  proj6.o(.bss)
    .bss                                     0x20000034   Section       96  libspace.o(.bss)
    HEAP                                     0x20000098   Section      512  startup_stm32l476xx.o(HEAP)
    Heap_Mem                                 0x20000098   Data         512  startup_stm32l476xx.o(HEAP)
    STACK                                    0x20000298   Section     1024  startup_stm32l476xx.o(STACK)
    Stack_Mem                                0x20000298   Data        1024  startup_stm32l476xx.o(STACK)
    __initial_sp                             0x20000698   Data           0  startup_stm32l476xx.o(STACK)

    Global Symbols

    Symbol Name                              Value     Ov Type        Size  Object(Section)

    BuildAttributes$$THM_ISAv4$E$P$D$K$B$S$7EM$VFPi3$EXTD16$VFPS$VFMA$PE$A:L22UL41UL21$X:L11$S22US41US21$IEEE1$IW$USESV6$~STKCKD$USESV7$~SHL$OTIME$ROPI$IEEEJ$EBA8$UX$STANDARDLIB$REQ8$PRES8$EABIv2 0x00000000   Number         0  anon$$obj.o ABSOLUTE
    Image$$ER_IROM1$$RW$$Length              0x00000000   Number         0  anon$$obj.o ABSOLUTE
    Image$$ER_IROM1$$ZI$$Length              0x00000000   Number         0  anon$$obj.o ABSOLUTE
    Image$$RW_IRAM1$$Length                  0x00000000   Number         0  anon$$obj.o ABSOLUTE
    Image$$RW_IRAM1$$RO$$Length              0x00000000   Number         0  anon$$obj.o ABSOLUTE
    Image$$RW_IRAM1$$RW$$Length              0x00000000   Number         0  anon$$obj.o ABSOLUTE
    __ARM_use_no_argv                        0x00000000   Number         0  proj6.o ABSOLUTE
    _printf_flags                            0x00000000   Number         0  printf_stubs.o ABSOLUTE
    _printf_return_value                     0x00000000   Number         0  printf_stubs.o ABSOLUTE
    _printf_sizespec                         0x00000000   Number         0  printf_stubs.o ABSOLUTE
    _printf_widthprec                        0x00000000   Number         0  printf_stubs.o ABSOLUTE
    __ARM_exceptions_init                     - Undefined Weak Reference
    __alloca_initialize                       - Undefined Weak Reference
    __arm_preinit_                            - Undefined Weak Reference
    __cpp_initialize__aeabi_                  - Undefined Weak Reference
    __cxa_finalize                            - Undefined Weak Reference
    __sigvec_lookup                           - Undefined Weak Reference
    _atexit_init                              - Undefined Weak Reference
    _call_atexit_fns                          - Undefined Weak Reference
    _clock_init                               - Undefined Weak Reference
    _fp_trap_init                             - Undefined Weak Reference
    _fp_trap_shutdown                         - Undefined Weak Reference
    _get_lc_collate                           - Undefined Weak Reference
    _get_lc_ctype                             - Undefined Weak Reference
    _get_lc_monetary                          - Undefined Weak Reference
    _get_lc_time                              - Undefined Weak Reference
    _getenv_init                              - Undefined Weak Reference
    _handle_redirection                       - Undefined Weak Reference
    _init_alloc                               - Undefined Weak Reference
    _init_user_alloc                          - Undefined Weak Reference
    _initio                                   - Undefined Weak Reference
    _printf_post_padding                      - Undefined Weak Reference
    _printf_pre_padding                       - Undefined Weak Reference
    _rand_init                                - Undefined Weak Reference
    _signal_finish                            - Undefined Weak Reference
    _signal_init                              - Undefined Weak Reference
    _terminate_alloc                          - Undefined Weak Reference
    _terminate_user_alloc                     - Undefined Weak Reference
    _terminateio                              - Undefined Weak Reference
    __Vectors_Size                           0x00000188   Number         0  startup_stm32l476xx.o ABSOLUTE
    Image$$RW_IRAM1$$ZI$$Length              0x00000698   Number         0  anon$$obj.o ABSOLUTE
    Image$$ER_IROM1$$RO$$Length              0x00002500   Number         0  anon$$obj.o ABSOLUTE
    Image$$ER_IROM1$$RO$$Base                0x08000000   Number         0  anon$$obj.o ABSOLUTE
    Load$$ER_IROM1$$Base                     0x08000000   Number         0  anon$$obj.o ABSOLUTE
    __Vectors                                0x08000000   Data           4  startup_stm32l476xx.o(RESET)
    __Vectors_End                            0x08000188   Data           0  startup_stm32l476xx.o(RESET)
    __main                                   0x08000189   Thumb Code     8  __main.o(!!!main)
    __scatterload                            0x08000191   Thumb Code     0  __scatter.o(!!!scatter)
    __scatterload_rt2                        0x08000191   Thumb Code    44  __scatter.o(!!!scatter)
    __scatterload_rt2_thumb_only             0x08000191   Thumb Code     0  __scatter.o(!!!scatter)
    __scatterload_null                       0x0800019f   Thumb Code     0  __scatter.o(!!!scatter)
    __scatterload_zeroinit                   0x080001c5   Thumb Code    28  __scatter_zi.o(!!handler_zi)
    _printf_f                                0x080001e1   Thumb Code     0  _printf_f.o(.ARM.Collect$$_printf_percent$$00000003)
    _printf_percent                          0x080001e1   Thumb Code     0  _printf_percent.o(.ARM.Collect$$_printf_percent$$00000000)
    _printf_percent_end                      0x080001e7   Thumb Code     0  _printf_percent_end.o(.ARM.Collect$$_printf_percent$$00000017)
    __rt_lib_init                            0x080001eb   Thumb Code     0  libinit.o(.ARM.Collect$$libinit$$00000000)
    __rt_lib_init_fp_1                       0x080001ed   Thumb Code     0  libinit2.o(.ARM.Collect$$libinit$$00000001)
    __rt_lib_init_heap_1                     0x080001f1   Thumb Code     0  libinit2.o(.ARM.Collect$$libinit$$0000000A)
    __rt_lib_init_lc_common                  0x080001f1   Thumb Code     0  libinit2.o(.ARM.Collect$$libinit$$0000000F)
    __rt_lib_init_preinit_1                  0x080001f1   Thumb Code     0  libinit2.o(.ARM.Collect$$libinit$$00000004)
    __rt_lib_init_rand_1                     0x080001f1   Thumb Code     0  libinit2.o(.ARM.Collect$$libinit$$0000000E)
    __rt_lib_init_user_alloc_1               0x080001f1   Thumb Code     0  libinit2.o(.ARM.Collect$$libinit$$0000000C)
    __rt_lib_init_lc_collate_1               0x080001f7   Thumb Code     0  libinit2.o(.ARM.Collect$$libinit$$00000011)
    __rt_lib_init_lc_ctype_1                 0x080001f7   Thumb Code     0  libinit2.o(.ARM.Collect$$libinit$$00000013)
    __rt_lib_init_lc_monetary_1              0x080001f7   Thumb Code     0  libinit2.o(.ARM.Collect$$libinit$$00000015)
    __rt_lib_init_lc_numeric_2               0x080001f7   Thumb Code     0  libinit2.o(.ARM.Collect$$libinit$$00000016)
    __rt_lib_init_alloca_1                   0x08000201   Thumb Code     0  libinit2.o(.ARM.Collect$$libinit$$0000002E)
    __rt_lib_init_argv_1                     0x08000201   Thumb Code     0  libinit2.o(.ARM.Collect$$libinit$$0000002C)
    __rt_lib_init_atexit_1                   0x08000201   Thumb Code     0  libinit2.o(.ARM.Collect$$libinit$$0000001B)
    __rt_lib_init_clock_1                    0x08000201   Thumb Code     0  libinit2.o(.ARM.Collect$$libinit$$00000021)
    __rt_lib_init_cpp_1                      0x08000201   Thumb Code     0  libinit2.o(.ARM.Collect$$libinit$$00000032)
    __rt_lib_init_exceptions_1               0x08000201   Thumb Code     0  libinit2.o(.ARM.Collect$$libinit$$00000030)
    __rt_lib_init_fp_trap_1                  0x08000201   Thumb Code     0  libinit2.o(.ARM.Collect$$libinit$$0000001F)
    __rt_lib_init_getenv_1                   0x08000201   Thumb Code     0  libinit2.o(.ARM.Collect$$libinit$$00000023)
    __rt_lib_init_lc_numeric_1               0x08000201   Thumb Code     0  libinit2.o(.ARM.Collect$$libinit$$00000017)
    __rt_lib_init_lc_time_1                  0x08000201   Thumb Code     0  libinit2.o(.ARM.Collect$$libinit$$00000019)
    __rt_lib_init_return                     0x08000201   Thumb Code     0  libinit2.o(.ARM.Collect$$libinit$$00000033)
    __rt_lib_init_signal_1                   0x08000201   Thumb Code     0  libinit2.o(.ARM.Collect$$libinit$$0000001D)
    __rt_lib_init_stdio_1                    0x08000201   Thumb Code     0  libinit2.o(.ARM.Collect$$libinit$$00000025)
    __rt_lib_shutdown                        0x08000203   Thumb Code     0  libshutdown.o(.ARM.Collect$$libshutdown$$00000000)
    __rt_lib_shutdown_cpp_1                  0x08000205   Thumb Code     0  libshutdown2.o(.ARM.Collect$$libshutdown$$00000002)
    __rt_lib_shutdown_fp_trap_1              0x08000205   Thumb Code     0  libshutdown2.o(.ARM.Collect$$libshutdown$$00000007)
    __rt_lib_shutdown_heap_1                 0x08000205   Thumb Code     0  libshutdown2.o(.ARM.Collect$$libshutdown$$0000000F)
    __rt_lib_shutdown_return                 0x08000205   Thumb Code     0  libshutdown2.o(.ARM.Collect$$libshutdown$$00000010)
    __rt_lib_shutdown_signal_1               0x08000205   Thumb Code     0  libshutdown2.o(.ARM.Collect$$libshutdown$$0000000A)
    __rt_lib_shutdown_stdio_1                0x08000205   Thumb Code     0  libshutdown2.o(.ARM.Collect$$libshutdown$$00000004)
    __rt_lib_shutdown_user_alloc_1           0x08000205   Thumb Code     0  libshutdown2.o(.ARM.Collect$$libshutdown$$0000000C)
    __rt_entry                               0x08000207   Thumb Code     0  __rtentry.o(.ARM.Collect$$rtentry$$00000000)
    __rt_entry_presh_1                       0x08000207   Thumb Code     0  __rtentry2.o(.ARM.Collect$$rtentry$$00000002)
    __rt_entry_sh                            0x08000207   Thumb Code     0  __rtentry4.o(.ARM.Collect$$rtentry$$00000004)
    __rt_entry_li                            0x0800020d   Thumb Code     0  __rtentry2.o(.ARM.Collect$$rtentry$$0000000A)
    __rt_entry_postsh_1                      0x0800020d   Thumb Code     0  __rtentry2.o(.ARM.Collect$$rtentry$$00000009)
    __rt_entry_main                          0x08000211   Thumb Code     0  __rtentry2.o(.ARM.Collect$$rtentry$$0000000D)
    __rt_entry_postli_1                      0x08000211   Thumb Code     0  __rtentry2.o(.ARM.Collect$$rtentry$$0000000C)
    __rt_exit                                0x08000219   Thumb Code     0  rtexit.o(.ARM.Collect$$rtexit$$00000000)
    __rt_exit_ls                             0x0800021b   Thumb Code     0  rtexit2.o(.ARM.Collect$$rtexit$$00000003)
    __rt_exit_prels_1                        0x0800021b   Thumb Code     0  rtexit2.o(.ARM.Collect$$rtexit$$00000002)
    __rt_exit_exit                           0x0800021f   Thumb Code     0  rtexit2.o(.ARM.Collect$$rtexit$$00000004)
    Reset_Handler                            0x08000225   Thumb Code    60  startup_stm32l476xx.o(.text)
    NMI_Handler                              0x08000261   Thumb Code     2  startup_stm32l476xx.o(.text)
    HardFault_Handler                        0x08000263   Thumb Code     2  startup_stm32l476xx.o(.text)
    MemManage_Handler                        0x08000265   Thumb Code     2  startup_stm32l476xx.o(.text)
    BusFault_Handler                         0x08000267   Thumb Code     2  startup_stm32l476xx.o(.text)
    UsageFault_Handler                       0x08000269   Thumb Code     2  startup_stm32l476xx.o(.text)
    SVC_Handler                              0x0800026b   Thumb Code     2  startup_stm32l476xx.o(.text)
    DebugMon_Handler                         0x0800026d   Thumb Code     2  startup_stm32l476xx.o(.text)
    PendSV_Handler                           0x0800026f   Thumb Code     2  startup_stm32l476xx.o(.text)
    SysTick_Handler                          0x08000271   Thumb Code     2  startup_stm32l476xx.o(.text)
    ADC1_2_IRQHandler                        0x08000273   Thumb Code     0  startup_stm32l476xx.o(.text)
    ADC3_IRQHandler                          0x08000273   Thumb Code     0  startup_stm32l476xx.o(.text)
    CAN1_RX0_IRQHandler                      0x08000273   Thumb Code     0  startup_stm32l476xx.o(.text)
    CAN1_RX1_IRQHandler                      0x08000273   Thumb Code     0  startup_stm32l476xx.o(.text)
    CAN1_SCE_IRQHandler                      0x08000273   Thumb Code     0  startup_stm32l476xx.o(.text)
    CAN1_TX_IRQHandler                       0x08000273   Thumb Code     0  startup_stm32l476xx.o(.text)
    COMP_IRQHandler                          0x08000273   Thumb Code     0  startup_stm32l476xx.o(.text)
    DFSDM0_IRQHandler                        0x08000273   Thumb Code     0  startup_stm32l476xx.o(.text)
    DFSDM1_IRQHandler                        0x08000273   Thumb Code     0  startup_stm32l476xx.o(.text)
    DFSDM2_IRQHandler                        0x08000273   Thumb Code     0  startup_stm32l476xx.o(.text)
    DFSDM3_IRQHandler                        0x08000273   Thumb Code     0  startup_stm32l476xx.o(.text)
    DMA1_Channel1_IRQHandler                 0x08000273   Thumb Code     0  startup_stm32l476xx.o(.text)
    DMA1_Channel2_IRQHandler                 0x08000273   Thumb Code     0  startup_stm32l476xx.o(.text)
    DMA1_Channel3_IRQHandler                 0x08000273   Thumb Code     0  startup_stm32l476xx.o(.text)
    DMA1_Channel4_IRQHandler                 0x08000273   Thumb Code     0  startup_stm32l476xx.o(.text)
    DMA1_Channel5_IRQHandler                 0x08000273   Thumb Code     0  startup_stm32l476xx.o(.text)
    DMA1_Channel6_IRQHandler                 0x08000273   Thumb Code     0  startup_stm32l476xx.o(.text)
    DMA1_Channel7_IRQHandler                 0x08000273   Thumb Code     0  startup_stm32l476xx.o(.text)
    DMA2_Channel1_IRQHandler                 0x08000273   Thumb Code     0  startup_stm32l476xx.o(.text)
    DMA2_Channel2_IRQHandler                 0x08000273   Thumb Code     0  startup_stm32l476xx.o(.text)
    DMA2_Channel3_IRQHandler                 0x08000273   Thumb Code     0  startup_stm32l476xx.o(.text)
    DMA2_Channel4_IRQHandler                 0x08000273   Thumb Code     0  startup_stm32l476xx.o(.text)
    DMA2_Channel5_IRQHandler                 0x08000273   Thumb Code     0  startup_stm32l476xx.o(.text)
    DMA2_Channel6_IRQHandler                 0x08000273   Thumb Code     0  startup_stm32l476xx.o(.text)
    DMA2_Channel7_IRQHandler                 0x08000273   Thumb Code     0  startup_stm32l476xx.o(.text)
    EXTI0_IRQHandler                         0x08000273   Thumb Code     0  startup_stm32l476xx.o(.text)
    EXTI15_10_IRQHandler                     0x08000273   Thumb Code     0  startup_stm32l476xx.o(.text)
    EXTI1_IRQHandler                         0x08000273   Thumb Code     0  startup_stm32l476xx.o(.text)
    EXTI2_IRQHandler                         0x08000273   Thumb Code     0  startup_stm32l476xx.o(.text)
    EXTI3_IRQHandler                         0x08000273   Thumb Code     0  startup_stm32l476xx.o(.text)
    EXTI4_IRQHandler                         0x08000273   Thumb Code     0  startup_stm32l476xx.o(.text)
    EXTI9_5_IRQHandler                       0x08000273   Thumb Code     0  startup_stm32l476xx.o(.text)
    FLASH_IRQHandler                         0x08000273   Thumb Code     0  startup_stm32l476xx.o(.text)
    FMC_IRQHandler                           0x08000273   Thumb Code     0  startup_stm32l476xx.o(.text)
    FPU_IRQHandler                           0x08000273   Thumb Code     0  startup_stm32l476xx.o(.text)
    I2C1_ER_IRQHandler                       0x08000273   Thumb Code     0  startup_stm32l476xx.o(.text)
    I2C1_EV_IRQHandler                       0x08000273   Thumb Code     0  startup_stm32l476xx.o(.text)
    I2C2_ER_IRQHandler                       0x08000273   Thumb Code     0  startup_stm32l476xx.o(.text)
    I2C2_EV_IRQHandler                       0x08000273   Thumb Code     0  startup_stm32l476xx.o(.text)
    I2C3_ER_IRQHandler                       0x08000273   Thumb Code     0  startup_stm32l476xx.o(.text)
    I2C3_EV_IRQHandler                       0x08000273   Thumb Code     0  startup_stm32l476xx.o(.text)
    LCD_IRQHandler                           0x08000273   Thumb Code     0  startup_stm32l476xx.o(.text)
    LPTIM1_IRQHandler                        0x08000273   Thumb Code     0  startup_stm32l476xx.o(.text)
    LPTIM2_IRQHandler                        0x08000273   Thumb Code     0  startup_stm32l476xx.o(.text)
    LPUART1_IRQHandler                       0x08000273   Thumb Code     0  startup_stm32l476xx.o(.text)
    OTG_FS_IRQHandler                        0x08000273   Thumb Code     0  startup_stm32l476xx.o(.text)
    PVD_PVM_IRQHandler                       0x08000273   Thumb Code     0  startup_stm32l476xx.o(.text)
    QUADSPI_IRQHandler                       0x08000273   Thumb Code     0  startup_stm32l476xx.o(.text)
    RCC_IRQHandler                           0x08000273   Thumb Code     0  startup_stm32l476xx.o(.text)
    RNG_IRQHandler                           0x08000273   Thumb Code     0  startup_stm32l476xx.o(.text)
    RTC_Alarm_IRQHandler                     0x08000273   Thumb Code     0  startup_stm32l476xx.o(.text)
    RTC_WKUP_IRQHandler                      0x08000273   Thumb Code     0  startup_stm32l476xx.o(.text)
    SAI1_IRQHandler                          0x08000273   Thumb Code     0  startup_stm32l476xx.o(.text)
    SAI2_IRQHandler                          0x08000273   Thumb Code     0  startup_stm32l476xx.o(.text)
    SDMMC1_IRQHandler                        0x08000273   Thumb Code     0  startup_stm32l476xx.o(.text)
    SPI1_IRQHandler                          0x08000273   Thumb Code     0  startup_stm32l476xx.o(.text)
    SPI2_IRQHandler                          0x08000273   Thumb Code     0  startup_stm32l476xx.o(.text)
    SPI3_IRQHandler                          0x08000273   Thumb Code     0  startup_stm32l476xx.o(.text)
    SWPMI1_IRQHandler                        0x08000273   Thumb Code     0  startup_stm32l476xx.o(.text)
    TAMP_STAMP_IRQHandler                    0x08000273   Thumb Code     0  startup_stm32l476xx.o(.text)
    TIM1_BRK_TIM15_IRQHandler                0x08000273   Thumb Code     0  startup_stm32l476xx.o(.text)
    TIM1_CC_IRQHandler                       0x08000273   Thumb Code     0  startup_stm32l476xx.o(.text)
    TIM1_TRG_COM_TIM17_IRQHandler            0x08000273   Thumb Code     0  startup_stm32l476xx.o(.text)
    TIM1_UP_TIM16_IRQHandler                 0x08000273   Thumb Code     0  startup_stm32l476xx.o(.text)
    TIM2_IRQHandler                          0x08000273   Thumb Code     0  startup_stm32l476xx.o(.text)
    TIM3_IRQHandler                          0x08000273   Thumb Code     0  startup_stm32l476xx.o(.text)
    TIM4_IRQHandler                          0x08000273   Thumb Code     0  startup_stm32l476xx.o(.text)
    TIM5_IRQHandler                          0x08000273   Thumb Code     0  startup_stm32l476xx.o(.text)
    TIM6_DAC_IRQHandler                      0x08000273   Thumb Code     0  startup_stm32l476xx.o(.text)
    TIM7_IRQHandler                          0x08000273   Thumb Code     0  startup_stm32l476xx.o(.text)
    TIM8_BRK_IRQHandler                      0x08000273   Thumb Code     0  startup_stm32l476xx.o(.text)
    TIM8_CC_IRQHandler                       0x08000273   Thumb Code     0  startup_stm32l476xx.o(.text)
    TIM8_TRG_COM_IRQHandler                  0x08000273   Thumb Code     0  startup_stm32l476xx.o(.text)
    TIM8_UP_IRQHandler                       0x08000273   Thumb Code     0  startup_stm32l476xx.o(.text)
    TSC_IRQHandler                           0x08000273   Thumb Code     0  startup_stm32l476xx.o(.text)
    UART4_IRQHandler                         0x08000273   Thumb Code     0  startup_stm32l476xx.o(.text)
    UART5_IRQHandler                         0x08000273   Thumb Code     0  startup_stm32l476xx.o(.text)
    USART1_IRQHandler                        0x08000273   Thumb Code     0  startup_stm32l476xx.o(.text)
    USART2_IRQHandler                        0x08000273   Thumb Code     0  startup_stm32l476xx.o(.text)
    USART3_IRQHandler                        0x08000273   Thumb Code     0  startup_stm32l476xx.o(.text)
    WWDG_IRQHandler                          0x08000273   Thumb Code     0  startup_stm32l476xx.o(.text)
    __user_initial_stackheap                 0x08000275   Thumb Code     0  startup_stm32l476xx.o(.text)
    __2sprintf                               0x080002a9   Thumb Code    38  __2sprintf.o(.text)
    __printf                                 0x080002d5   Thumb Code   104  __printf.o(.text)
    __use_two_region_memory                  0x0800033d   Thumb Code     2  heapauxi.o(.text)
    __rt_heap_escrow$2region                 0x0800033f   Thumb Code     2  heapauxi.o(.text)
    __rt_heap_expand$2region                 0x08000341   Thumb Code     2  heapauxi.o(.text)
    __lib_sel_fp_printf                      0x08000343   Thumb Code     2  _printf_fp_dec.o(.text)
    _printf_fp_dec_real                      0x080004f1   Thumb Code   620  _printf_fp_dec.o(.text)
    _printf_char_common                      0x0800076f   Thumb Code    32  _printf_char_common.o(.text)
    _sputc                                   0x08000795   Thumb Code    10  _sputc.o(.text)
    __rt_locale                              0x080007a1   Thumb Code     8  rt_locale_intlibspace.o(.text)
    _ll_udiv10                               0x080007a9   Thumb Code   138  lludiv10.o(.text)
    _printf_fp_infnan                        0x08000835   Thumb Code   112  _printf_fp_infnan.o(.text)
    _btod_etento                             0x080008b5   Thumb Code   216  bigflt0.o(.text)
    __user_libspace                          0x08000991   Thumb Code     8  libspace.o(.text)
    __user_perproc_libspace                  0x08000991   Thumb Code     0  libspace.o(.text)
    __user_perthread_libspace                0x08000991   Thumb Code     0  libspace.o(.text)
    __user_setup_stackheap                   0x08000999   Thumb Code    74  sys_stackheap_outer.o(.text)
    exit                                     0x080009e3   Thumb Code    18  exit.o(.text)
    strcmp                                   0x080009f5   Thumb Code   128  strcmpv7m.o(.text)
    _sys_exit                                0x08000a75   Thumb Code     8  sys_exit.o(.text)
    __I$use$semihosting                      0x08000a81   Thumb Code     0  use_no_semi.o(.text)
    __use_no_semihosting_swi                 0x08000a81   Thumb Code     2  use_no_semi.o(.text)
    __semihosting_library_function           0x08000a83   Thumb Code     0  indicate_semi.o(.text)
    _btod_d2e                                0x08000a83   Thumb Code    62  btod.o(CL$$btod_d2e)
    _d2e_denorm_low                          0x08000ac1   Thumb Code    70  btod.o(CL$$btod_d2e_denorm_low)
    _d2e_norm_op1                            0x08000b07   Thumb Code    96  btod.o(CL$$btod_d2e_norm_op1)
    __btod_div_common                        0x08000b67   Thumb Code   696  btod.o(CL$$btod_div_common)
    _e2e                                     0x08000e9f   Thumb Code   198  btod.o(CL$$btod_e2e)
    _btod_ediv                               0x08000f65   Thumb Code    40  btod.o(CL$$btod_ediv)
    _btod_emul                               0x08000f8d   Thumb Code    40  btod.o(CL$$btod_emul)
    __btod_mult_common                       0x08000fb5   Thumb Code   580  btod.o(CL$$btod_mult_common)
    LED_Init                                 0x080011f9   Thumb Code   154  led.o(i.LED_Init)
    Red_LED_Off                              0x080012a1   Thumb Code    14  led.o(i.Red_LED_Off)
    Red_LED_On                               0x080012b5   Thumb Code    14  led.o(i.Red_LED_On)
    System_Clock_Init                        0x080012c9   Thumb Code   380  sysclock.o(i.System_Clock_Init)
    UART2_GPIO_Init                          0x0800144d   Thumb Code   106  uart.o(i.UART2_GPIO_Init)
    UART2_Init                               0x080014c1   Thumb Code    54  uart.o(i.UART2_Init)
    USART_Delay                              0x08001501   Thumb Code    20  uart.o(i.USART_Delay)
    USART_Init                               0x08001515   Thumb Code   168  uart.o(i.USART_Init)
    USART_Write                              0x080015c9   Thumb Code    64  uart.o(i.USART_Write)
    __ARM_fpclassify                         0x08001609   Thumb Code    48  fpclassify.o(i.__ARM_fpclassify)
    fetch_voltage                            0x08001639   Thumb Code   160  timer.o(i.fetch_voltage)
    init_gpio                                0x080016e1   Thumb Code    48  timer.o(i.init_gpio)
    init_pwm                                 0x0800171d   Thumb Code   144  timer.o(i.init_pwm)
    main                                     0x080017b1   Thumb Code   224  proj6.o(i.main)
    pe_event                                 0x08001911   Thumb Code    10  timer.o(i.pe_event)
    round                                    0x08001921   Thumb Code   192  round.o(i.round)
    _get_lc_numeric                          0x080019f9   Thumb Code    44  lc_numeric_c.o(locale$$code)
    __aeabi_dadd                             0x08001a25   Thumb Code     0  daddsub_clz.o(x$fpl$dadd)
    _dadd                                    0x08001a25   Thumb Code   332  daddsub_clz.o(x$fpl$dadd)
    __fpl_dcmp_Inf                           0x08001b75   Thumb Code    24  dcmpi.o(x$fpl$dcmpinf)
    __aeabi_ddiv                             0x08001b8d   Thumb Code     0  ddiv.o(x$fpl$ddiv)
    _ddiv                                    0x08001b8d   Thumb Code   552  ddiv.o(x$fpl$ddiv)
    __aeabi_d2iz                             0x08001e3d   Thumb Code     0  dfix.o(x$fpl$dfix)
    _dfix                                    0x08001e3d   Thumb Code    94  dfix.o(x$fpl$dfix)
    __aeabi_i2d                              0x08001e9b   Thumb Code     0  dflt_clz.o(x$fpl$dflt)
    _dflt                                    0x08001e9b   Thumb Code    46  dflt_clz.o(x$fpl$dflt)
    __aeabi_cdcmple                          0x08001ec9   Thumb Code     0  dleqf.o(x$fpl$dleqf)
    _dcmple                                  0x08001ec9   Thumb Code   120  dleqf.o(x$fpl$dleqf)
    __fpl_dcmple_InfNaN                      0x08001f2b   Thumb Code     0  dleqf.o(x$fpl$dleqf)
    __aeabi_dmul                             0x08001f41   Thumb Code     0  dmul.o(x$fpl$dmul)
    _dmul                                    0x08001f41   Thumb Code   332  dmul.o(x$fpl$dmul)
    __fpl_dnaninf                            0x08002095   Thumb Code   156  dnaninf.o(x$fpl$dnaninf)
    __fpl_dretinf                            0x08002131   Thumb Code    12  dretinf.o(x$fpl$dretinf)
    __aeabi_cdrcmple                         0x0800213d   Thumb Code     0  drleqf.o(x$fpl$drleqf)
    _drcmple                                 0x0800213d   Thumb Code   108  drleqf.o(x$fpl$drleqf)
    _drnd                                    0x080021a9   Thumb Code   180  drnd.o(x$fpl$drnd)
    __aeabi_dsub                             0x0800225d   Thumb Code     0  daddsub_clz.o(x$fpl$dsub)
    _dsub                                    0x0800225d   Thumb Code   464  daddsub_clz.o(x$fpl$dsub)
    _fp_init                                 0x08002431   Thumb Code    10  fpinit.o(x$fpl$fpinit)
    __fplib_config_fpu_vfp                   0x08002439   Thumb Code     0  fpinit.o(x$fpl$fpinit)
    __fplib_config_pureend_doubles           0x08002439   Thumb Code     0  fpinit.o(x$fpl$fpinit)
    _printf_fp_dec                           0x0800243b   Thumb Code     4  printf1.o(x$fpl$printf1)
    __I$use$fp                               0x0800243e   Number         0  usenofp.o(x$fpl$usenofp)
    Region$$Table$$Base                      0x080024d4   Number         0  anon$$obj.o(Region$$Table)
    Region$$Table$$Limit                     0x080024e4   Number         0  anon$$obj.o(Region$$Table)
    Image$$ER_IROM1$$RO$$Limit               0x08002500   Number         0  anon$$obj.o ABSOLUTE
    Image$$ER_IROM1$$RW$$Base                0x08002500   Number         0  anon$$obj.o ABSOLUTE
    Image$$ER_IROM1$$RW$$Limit               0x08002500   Number         0  anon$$obj.o ABSOLUTE
    Image$$ER_IROM1$$ZI$$Base                0x08002500   Number         0  anon$$obj.o ABSOLUTE
    Image$$ER_IROM1$$ZI$$Limit               0x08002500   Number         0  anon$$obj.o ABSOLUTE
    Load$$RW_IRAM1$$Base                     0x08002500   Number         0  anon$$obj.o ABSOLUTE
    Image$$RW_IRAM1$$Base                    0x20000000   Number         0  anon$$obj.o ABSOLUTE
    Image$$RW_IRAM1$$Limit                   0x20000000   Number         0  anon$$obj.o ABSOLUTE
    Image$$RW_IRAM1$$RO$$Base                0x20000000   Number         0  anon$$obj.o ABSOLUTE
    Image$$RW_IRAM1$$RW$$Base                0x20000000   Number         0  anon$$obj.o ABSOLUTE
    Image$$RW_IRAM1$$RW$$Limit               0x20000000   Number         0  anon$$obj.o ABSOLUTE
    Image$$RW_IRAM1$$ZI$$Base                0x20000000   Number         0  anon$$obj.o ABSOLUTE
    bounds                                   0x20000000   Data          50  proj6.o(.bss)
    __libspace_start                         0x20000034   Data          96  libspace.o(.bss)
    __temporary_stack_top$libspace           0x20000094   Data           0  libspace.o(.bss)
    Image$$RW_IRAM1$$ZI$$Limit               0x20000698   Number         0  anon$$obj.o ABSOLUTE



==============================================================================

Memory Map of the image

  Image Entry point : 0x08000189

  Load Region LR_IROM1 (Base: 0x08000000, Size: 0x00002500, Max: 0x00100000, ABSOLUTE)

    Execution Region ER_IROM1 (Base: 0x08000000, Size: 0x00002500, Max: 0x00100000, ABSOLUTE)

    Base Addr    Size         Type   Attr      Idx    E Section Name        Object

    0x08000000   0x00000188   Data   RO          284    RESET               startup_stm32l476xx.o
    0x08000188   0x00000008   Code   RO          321  * !!!main             c_w.l(__main.o)
    0x08000190   0x00000034   Code   RO          571    !!!scatter          c_w.l(__scatter.o)
    0x080001c4   0x0000001c   Code   RO          573    !!handler_zi        c_w.l(__scatter_zi.o)
    0x080001e0   0x00000000   Code   RO          318    .ARM.Collect$$_printf_percent$$00000000  c_w.l(_printf_percent.o)
    0x080001e0   0x00000006   Code   RO          317    .ARM.Collect$$_printf_percent$$00000003  c_w.l(_printf_f.o)
    0x080001e6   0x00000004   Code   RO          358    .ARM.Collect$$_printf_percent$$00000017  c_w.l(_printf_percent_end.o)
    0x080001ea   0x00000002   Code   RO          444    .ARM.Collect$$libinit$$00000000  c_w.l(libinit.o)
    0x080001ec   0x00000004   Code   RO          445    .ARM.Collect$$libinit$$00000001  c_w.l(libinit2.o)
    0x080001f0   0x00000000   Code   RO          448    .ARM.Collect$$libinit$$00000004  c_w.l(libinit2.o)
    0x080001f0   0x00000000   Code   RO          451    .ARM.Collect$$libinit$$0000000A  c_w.l(libinit2.o)
    0x080001f0   0x00000000   Code   RO          453    .ARM.Collect$$libinit$$0000000C  c_w.l(libinit2.o)
    0x080001f0   0x00000000   Code   RO          455    .ARM.Collect$$libinit$$0000000E  c_w.l(libinit2.o)
    0x080001f0   0x00000006   Code   RO          456    .ARM.Collect$$libinit$$0000000F  c_w.l(libinit2.o)
    0x080001f6   0x00000000   Code   RO          458    .ARM.Collect$$libinit$$00000011  c_w.l(libinit2.o)
    0x080001f6   0x00000000   Code   RO          460    .ARM.Collect$$libinit$$00000013  c_w.l(libinit2.o)
    0x080001f6   0x00000000   Code   RO          462    .ARM.Collect$$libinit$$00000015  c_w.l(libinit2.o)
    0x080001f6   0x0000000a   Code   RO          463    .ARM.Collect$$libinit$$00000016  c_w.l(libinit2.o)
    0x08000200   0x00000000   Code   RO          464    .ARM.Collect$$libinit$$00000017  c_w.l(libinit2.o)
    0x08000200   0x00000000   Code   RO          466    .ARM.Collect$$libinit$$00000019  c_w.l(libinit2.o)
    0x08000200   0x00000000   Code   RO          468    .ARM.Collect$$libinit$$0000001B  c_w.l(libinit2.o)
    0x08000200   0x00000000   Code   RO          470    .ARM.Collect$$libinit$$0000001D  c_w.l(libinit2.o)
    0x08000200   0x00000000   Code   RO          472    .ARM.Collect$$libinit$$0000001F  c_w.l(libinit2.o)
    0x08000200   0x00000000   Code   RO          474    .ARM.Collect$$libinit$$00000021  c_w.l(libinit2.o)
    0x08000200   0x00000000   Code   RO          476    .ARM.Collect$$libinit$$00000023  c_w.l(libinit2.o)
    0x08000200   0x00000000   Code   RO          478    .ARM.Collect$$libinit$$00000025  c_w.l(libinit2.o)
    0x08000200   0x00000000   Code   RO          482    .ARM.Collect$$libinit$$0000002C  c_w.l(libinit2.o)
    0x08000200   0x00000000   Code   RO          484    .ARM.Collect$$libinit$$0000002E  c_w.l(libinit2.o)
    0x08000200   0x00000000   Code   RO          486    .ARM.Collect$$libinit$$00000030  c_w.l(libinit2.o)
    0x08000200   0x00000000   Code   RO          488    .ARM.Collect$$libinit$$00000032  c_w.l(libinit2.o)
    0x08000200   0x00000002   Code   RO          489    .ARM.Collect$$libinit$$00000033  c_w.l(libinit2.o)
    0x08000202   0x00000002   Code   RO          519    .ARM.Collect$$libshutdown$$00000000  c_w.l(libshutdown.o)
    0x08000204   0x00000000   Code   RO          530    .ARM.Collect$$libshutdown$$00000002  c_w.l(libshutdown2.o)
    0x08000204   0x00000000   Code   RO          532    .ARM.Collect$$libshutdown$$00000004  c_w.l(libshutdown2.o)
    0x08000204   0x00000000   Code   RO          535    .ARM.Collect$$libshutdown$$00000007  c_w.l(libshutdown2.o)
    0x08000204   0x00000000   Code   RO          538    .ARM.Collect$$libshutdown$$0000000A  c_w.l(libshutdown2.o)
    0x08000204   0x00000000   Code   RO          540    .ARM.Collect$$libshutdown$$0000000C  c_w.l(libshutdown2.o)
    0x08000204   0x00000000   Code   RO          543    .ARM.Collect$$libshutdown$$0000000F  c_w.l(libshutdown2.o)
    0x08000204   0x00000002   Code   RO          544    .ARM.Collect$$libshutdown$$00000010  c_w.l(libshutdown2.o)
    0x08000206   0x00000000   Code   RO          351    .ARM.Collect$$rtentry$$00000000  c_w.l(__rtentry.o)
    0x08000206   0x00000000   Code   RO          371    .ARM.Collect$$rtentry$$00000002  c_w.l(__rtentry2.o)
    0x08000206   0x00000006   Code   RO          383    .ARM.Collect$$rtentry$$00000004  c_w.l(__rtentry4.o)
    0x0800020c   0x00000000   Code   RO          373    .ARM.Collect$$rtentry$$00000009  c_w.l(__rtentry2.o)
    0x0800020c   0x00000004   Code   RO          374    .ARM.Collect$$rtentry$$0000000A  c_w.l(__rtentry2.o)
    0x08000210   0x00000000   Code   RO          376    .ARM.Collect$$rtentry$$0000000C  c_w.l(__rtentry2.o)
    0x08000210   0x00000008   Code   RO          377    .ARM.Collect$$rtentry$$0000000D  c_w.l(__rtentry2.o)
    0x08000218   0x00000002   Code   RO          490    .ARM.Collect$$rtexit$$00000000  c_w.l(rtexit.o)
    0x0800021a   0x00000000   Code   RO          497    .ARM.Collect$$rtexit$$00000002  c_w.l(rtexit2.o)
    0x0800021a   0x00000004   Code   RO          498    .ARM.Collect$$rtexit$$00000003  c_w.l(rtexit2.o)
    0x0800021e   0x00000006   Code   RO          499    .ARM.Collect$$rtexit$$00000004  c_w.l(rtexit2.o)
    0x08000224   0x00000084   Code   RO          285    .text               startup_stm32l476xx.o
    0x080002a8   0x0000002c   Code   RO          291    .text               c_w.l(__2sprintf.o)
    0x080002d4   0x00000068   Code   RO          295    .text               c_w.l(__printf.o)
    0x0800033c   0x00000006   Code   RO          319    .text               c_w.l(heapauxi.o)
    0x08000342   0x00000420   Code   RO          352    .text               c_w.l(_printf_fp_dec.o)
    0x08000762   0x00000002   PAD
    0x08000764   0x00000030   Code   RO          354    .text               c_w.l(_printf_char_common.o)
    0x08000794   0x0000000a   Code   RO          356    .text               c_w.l(_sputc.o)
    0x0800079e   0x00000002   PAD
    0x080007a0   0x00000008   Code   RO          388    .text               c_w.l(rt_locale_intlibspace.o)
    0x080007a8   0x0000008a   Code   RO          390    .text               c_w.l(lludiv10.o)
    0x08000832   0x00000002   PAD
    0x08000834   0x00000080   Code   RO          392    .text               c_w.l(_printf_fp_infnan.o)
    0x080008b4   0x000000dc   Code   RO          396    .text               c_w.l(bigflt0.o)
    0x08000990   0x00000008   Code   RO          430    .text               c_w.l(libspace.o)
    0x08000998   0x0000004a   Code   RO          433    .text               c_w.l(sys_stackheap_outer.o)
    0x080009e2   0x00000012   Code   RO          435    .text               c_w.l(exit.o)
    0x080009f4   0x00000080   Code   RO          437    .text               c_w.l(strcmpv7m.o)
    0x08000a74   0x0000000c   Code   RO          509    .text               c_w.l(sys_exit.o)
    0x08000a80   0x00000002   Code   RO          520    .text               c_w.l(use_no_semi.o)
    0x08000a82   0x00000000   Code   RO          522    .text               c_w.l(indicate_semi.o)
    0x08000a82   0x0000003e   Code   RO          399    CL$$btod_d2e        c_w.l(btod.o)
    0x08000ac0   0x00000046   Code   RO          401    CL$$btod_d2e_denorm_low  c_w.l(btod.o)
    0x08000b06   0x00000060   Code   RO          400    CL$$btod_d2e_norm_op1  c_w.l(btod.o)
    0x08000b66   0x00000338   Code   RO          409    CL$$btod_div_common  c_w.l(btod.o)
    0x08000e9e   0x000000c6   Code   RO          406    CL$$btod_e2e        c_w.l(btod.o)
    0x08000f64   0x00000028   Code   RO          403    CL$$btod_ediv       c_w.l(btod.o)
    0x08000f8c   0x00000028   Code   RO          402    CL$$btod_emul       c_w.l(btod.o)
    0x08000fb4   0x00000244   Code   RO          408    CL$$btod_mult_common  c_w.l(btod.o)
    0x080011f8   0x000000a8   Code   RO            7    i.LED_Init          led.o
    0x080012a0   0x00000014   Code   RO            8    i.Red_LED_Off       led.o
    0x080012b4   0x00000014   Code   RO            9    i.Red_LED_On        led.o
    0x080012c8   0x00000184   Code   RO          143    i.System_Clock_Init  sysclock.o
    0x0800144c   0x00000074   Code   RO          219    i.UART2_GPIO_Init   uart.o
    0x080014c0   0x00000040   Code   RO          220    i.UART2_Init        uart.o
    0x08001500   0x00000014   Code   RO          221    i.USART_Delay       uart.o
    0x08001514   0x000000b4   Code   RO          223    i.USART_Init        uart.o
    0x080015c8   0x00000040   Code   RO          226    i.USART_Write       uart.o
    0x08001608   0x00000030   Code   RO          428    i.__ARM_fpclassify  m_wm.l(fpclassify.o)
    0x08001638   0x000000a8   Code   RO          167    i.fetch_voltage     timer.o
    0x080016e0   0x0000003c   Code   RO          168    i.init_gpio         timer.o
    0x0800171c   0x00000094   Code   RO          169    i.init_pwm          timer.o
    0x080017b0   0x00000160   Code   RO           96    i.main              proj6.o
    0x08001910   0x00000010   Code   RO          170    i.pe_event          timer.o
    0x08001920   0x000000d8   Code   RO          348    i.round             m_wm.l(round.o)
    0x080019f8   0x0000002c   Code   RO          422    locale$$code        c_w.l(lc_numeric_c.o)
    0x08001a24   0x00000150   Code   RO          323    x$fpl$dadd          fz_wm.l(daddsub_clz.o)
    0x08001b74   0x00000018   Code   RO          424    x$fpl$dcmpinf       fz_wm.l(dcmpi.o)
    0x08001b8c   0x000002b0   Code   RO          330    x$fpl$ddiv          fz_wm.l(ddiv.o)
    0x08001e3c   0x0000005e   Code   RO          333    x$fpl$dfix          fz_wm.l(dfix.o)
    0x08001e9a   0x0000002e   Code   RO          338    x$fpl$dflt          fz_wm.l(dflt_clz.o)
    0x08001ec8   0x00000078   Code   RO          359    x$fpl$dleqf         fz_wm.l(dleqf.o)
    0x08001f40   0x00000154   Code   RO          343    x$fpl$dmul          fz_wm.l(dmul.o)
    0x08002094   0x0000009c   Code   RO          361    x$fpl$dnaninf       fz_wm.l(dnaninf.o)
    0x08002130   0x0000000c   Code   RO          363    x$fpl$dretinf       fz_wm.l(dretinf.o)
    0x0800213c   0x0000006c   Code   RO          365    x$fpl$drleqf        fz_wm.l(drleqf.o)
    0x080021a8   0x000000b4   Code   RO          367    x$fpl$drnd          fz_wm.l(drnd.o)
    0x0800225c   0x000001d4   Code   RO          325    x$fpl$dsub          fz_wm.l(daddsub_clz.o)
    0x08002430   0x0000000a   Code   RO          494    x$fpl$fpinit        fz_wm.l(fpinit.o)
    0x0800243a   0x00000004   Code   RO          345    x$fpl$printf1       fz_wm.l(printf1.o)
    0x0800243e   0x00000000   Code   RO          369    x$fpl$usenofp       fz_wm.l(usenofp.o)
    0x0800243e   0x00000002   PAD
    0x08002440   0x00000094   Data   RO          397    .constdata          c_w.l(bigflt0.o)
    0x080024d4   0x00000010   Data   RO          569    Region$$Table       anon$$obj.o
    0x080024e4   0x0000001c   Data   RO          421    locale$$data        c_w.l(lc_numeric_c.o)


    Execution Region RW_IRAM1 (Base: 0x20000000, Size: 0x00000698, Max: 0x00018000, ABSOLUTE)

    Base Addr    Size         Type   Attr      Idx    E Section Name        Object

    0x20000000   0x00000032   Zero   RW           97    .bss                proj6.o
    0x20000032   0x00000002   PAD
    0x20000034   0x00000060   Zero   RW          431    .bss                c_w.l(libspace.o)
    0x20000094   0x00000004   PAD
    0x20000098   0x00000200   Zero   RW          283    HEAP                startup_stm32l476xx.o
    0x20000298   0x00000400   Zero   RW          282    STACK               startup_stm32l476xx.o


==============================================================================

Image component sizes


      Code (inc. data)   RO Data    RW Data    ZI Data      Debug   Object Name

       208         26          0          0          0     297702   led.o
       352        128          0          0         50       1336   proj6.o
       132         42        392          0       1536        840   startup_stm32l476xx.o
       388          8          0          0          0        628   sysclock.o
       392         30          0          0          0       2114   timer.o
       444         32          0          0          0       2892   uart.o

    ----------------------------------------------------------------------
      1916        266        408          0       1588     305512   Object Totals
         0          0         16          0          0          0   (incl. Generated)
         0          0          0          0          2          0   (incl. Padding)

    ----------------------------------------------------------------------

      Code (inc. data)   RO Data    RW Data    ZI Data      Debug   Library Member Name

        44          6          0          0          0         84   __2sprintf.o
         8          0          0          0          0         68   __main.o
       104          0          0          0          0         84   __printf.o
         0          0          0          0          0          0   __rtentry.o
        12          0          0          0          0          0   __rtentry2.o
         6          0          0          0          0          0   __rtentry4.o
        52          8          0          0          0          0   __scatter.o
        28          0          0          0          0          0   __scatter_zi.o
        48          6          0          0          0         96   _printf_char_common.o
         6          0          0          0          0          0   _printf_f.o
      1056          0          0          0          0        216   _printf_fp_dec.o
       128         16          0          0          0         84   _printf_fp_infnan.o
         0          0          0          0          0          0   _printf_percent.o
         4          0          0          0          0          0   _printf_percent_end.o
        10          0          0          0          0         68   _sputc.o
       220          4        148          0          0         96   bigflt0.o
      1910        128          0          0          0        672   btod.o
        18          0          0          0          0         80   exit.o
         6          0          0          0          0        152   heapauxi.o
         0          0          0          0          0          0   indicate_semi.o
        44         10         28          0          0         76   lc_numeric_c.o
         2          0          0          0          0          0   libinit.o
        22          0          0          0          0          0   libinit2.o
         2          0          0          0          0          0   libshutdown.o
         2          0          0          0          0          0   libshutdown2.o
         8          4          0          0         96         68   libspace.o
       138          0          0          0          0         80   lludiv10.o
         8          4          0          0          0         68   rt_locale_intlibspace.o
         2          0          0          0          0          0   rtexit.o
        10          0          0          0          0          0   rtexit2.o
       128          0          0          0          0         68   strcmpv7m.o
        12          4          0          0          0         68   sys_exit.o
        74          0          0          0          0         80   sys_stackheap_outer.o
         2          0          0          0          0         68   use_no_semi.o
       804         16          0          0          0        368   daddsub_clz.o
        24          0          0          0          0        116   dcmpi.o
       688        140          0          0          0        256   ddiv.o
        94          4          0          0          0        140   dfix.o
        46          0          0          0          0        116   dflt_clz.o
       120          4          0          0          0        140   dleqf.o
       340         12          0          0          0        152   dmul.o
       156          4          0          0          0        140   dnaninf.o
        12          0          0          0          0        116   dretinf.o
       108          0          0          0          0        128   drleqf.o
       180          4          0          0          0        128   drnd.o
        10          0          0          0          0        116   fpinit.o
         4          0          0          0          0        116   printf1.o
         0          0          0          0          0          0   usenofp.o
        48          0          0          0          0        124   fpclassify.o
       216         24          0          0          0        164   round.o

    ----------------------------------------------------------------------
      6972        398        176          0        100       4596   Library Totals
         8          0          0          0          4          0   (incl. Padding)

    ----------------------------------------------------------------------

      Code (inc. data)   RO Data    RW Data    ZI Data      Debug   Library Name

      4114        190        176          0         96       2276   c_w.l
      2586        184          0          0          0       2032   fz_wm.l
       264         24          0          0          0        288   m_wm.l

    ----------------------------------------------------------------------
      6972        398        176          0        100       4596   Library Totals

    ----------------------------------------------------------------------

==============================================================================


      Code (inc. data)   RO Data    RW Data    ZI Data      Debug   

      8888        664        584          0       1688     306444   Grand Totals
      8888        664        584          0       1688     306444   ELF Image Totals
      8888        664        584          0          0          0   ROM Totals

==============================================================================

    Total RO  Size (Code + RO Data)                 9472 (   9.25kB)
    Total RW  Size (RW Data + ZI Data)              1688 (   1.65kB)
    Total ROM Size (Code + RO Data + RW Data)       9472 (   9.25kB)

==============================================================================

